Command line invocation:
    /Applications/Xcode.app/Contents/Developer/usr/bin/xcodebuild build -scheme AllTests -destination platform=macOS

2026-02-28 02:19:22.287 xcodebuild[97274:592839] [MT] IDERunDestination: Supported platforms for the buildables in the current scheme is empty.
--- xcodebuild: WARNING: Using the first of multiple matching destinations:
{ platform:macOS, arch:arm64, id:00008103-0009582126DA001E, name:My Mac }
{ platform:macOS, arch:x86_64, id:00008103-0009582126DA001E, name:My Mac }
ComputePackagePrebuildTargetDependencyGraph

Prepare packages

CreateBuildRequest

SendProjectDescription

CreateBuildOperation

ComputeTargetDependencyGraph
note: Building targets in dependency order
note: Target dependency graph (1 target)
    Target 'AllTests' in project 'ATProtoPDS' (no dependencies)

GatherProvisioningInputs

CreateBuildDescription

warning: Run script build phase 'Build Tests with CMake' will be run during every build because it does not specify any outputs. To address this issue, either add output dependencies to the script phase, or configure it to run in every build by unchecking "Based on dependency analysis" in the script phase. (in target 'AllTests' from project 'ATProtoPDS')
PhaseScriptExecution Build\ Tests\ with\ CMake /Users/jack/Library/Developer/Xcode/DerivedData/ATProtoPDS-fwihiwnbznvwjpdzphgsetfzjsmu/Build/Intermediates.noindex/ATProtoPDS.build/Debug/AllTests.build/Script-2B198A56150AAB61D5D9F5DD.sh (in target 'AllTests' from project 'ATProtoPDS')
    cd /Users/jack/Software/garazyk
    export ACTION\=build
    export AD_HOC_CODE_SIGNING_ALLOWED\=YES
    export ALLOW_BUILD_REQUEST_OVERRIDES\=NO
    export ALLOW_TARGET_PLATFORM_SPECIALIZATION\=NO
    export ALTERNATE_GROUP\=staff
    export ALTERNATE_MODE\=u+w,go-w,a+rX
    export ALTERNATE_OWNER\=jack
    export ALTERNATIVE_DISTRIBUTION_WEB\=NO
    export ALWAYS_EMBED_SWIFT_STANDARD_LIBRARIES\=NO
    export ALWAYS_SEARCH_USER_PATHS\=NO
    export ALWAYS_USE_SEPARATE_HEADERMAPS\=NO
    export APPLICATION_EXTENSION_API_ONLY\=NO
    export APPLY_RULES_IN_COPY_FILES\=NO
    export APPLY_RULES_IN_COPY_HEADERS\=NO
    export APP_SHORTCUTS_ENABLE_FLEXIBLE_MATCHING\=YES
    export ARCHS\=arm64
    export ARCHS_STANDARD\=arm64\ x86_64
    export ARCHS_STANDARD_32_64_BIT\=arm64\ x86_64\ i386
    export ARCHS_STANDARD_32_BIT\=i386
    export ARCHS_STANDARD_64_BIT\=arm64\ x86_64
    export ARCHS_STANDARD_INCLUDING_64_BIT\=arm64\ x86_64
    export AUTOMATICALLY_MERGE_DEPENDENCIES\=NO
    export AUTOMATION_APPLE_EVENTS\=NO
    export AVAILABLE_PLATFORMS\=android\ appletvos\ appletvsimulator\ driverkit\ iphoneos\ iphonesimulator\ macosx\ qnx\ watchos\ watchsimulator\ webassembly\ xros\ xrsimulator
    export BUILD_ACTIVE_RESOURCES_ONLY\=NO
    export BUILD_COMPONENTS\=headers\ build
    export BUILD_DIR\=/Users/jack/Library/Developer/Xcode/DerivedData/ATProtoPDS-fwihiwnbznvwjpdzphgsetfzjsmu/Build/Products
    export BUILD_LIBRARY_FOR_DISTRIBUTION\=NO
    export BUILD_ROOT\=/Users/jack/Library/Developer/Xcode/DerivedData/ATProtoPDS-fwihiwnbznvwjpdzphgsetfzjsmu/Build/Products
    export BUILD_STYLE\=
    export BUILD_VARIANTS\=normal
    export BUILT_PRODUCTS_DIR\=/Users/jack/Library/Developer/Xcode/DerivedData/ATProtoPDS-fwihiwnbznvwjpdzphgsetfzjsmu/Build/Products/Debug
    export BUNDLE_CONTENTS_FOLDER_PATH\=Contents/
    export BUNDLE_CONTENTS_FOLDER_PATH_deep\=Contents/
    export BUNDLE_EXECUTABLE_FOLDER_NAME_deep\=MacOS
    export BUNDLE_EXECUTABLE_FOLDER_PATH\=Contents/MacOS
    export BUNDLE_EXTENSIONS_FOLDER_PATH\=Contents/Extensions
    export BUNDLE_FORMAT\=deep
    export BUNDLE_FRAMEWORKS_FOLDER_PATH\=Contents/Frameworks
    export BUNDLE_PLUGINS_FOLDER_PATH\=Contents/PlugIns
    export BUNDLE_PRIVATE_HEADERS_FOLDER_PATH\=Contents/PrivateHeaders
    export BUNDLE_PUBLIC_HEADERS_FOLDER_PATH\=Contents/Headers
    export CACHE_ROOT\=/var/folders/rm/n83zx1ws1l7d2w3cczg7r1280000gn/C/com.apple.DeveloperTools/26.2-17C52/Xcode
    export CCHROOT\=/var/folders/rm/n83zx1ws1l7d2w3cczg7r1280000gn/C/com.apple.DeveloperTools/26.2-17C52/Xcode
    export CHMOD\=/bin/chmod
    export CHOWN\=/usr/sbin/chown
    export CLANG_ANALYZER_NONNULL\=YES
    export CLANG_ANALYZER_NUMBER_OBJECT_CONVERSION\=YES_AGGRESSIVE
    export CLANG_CACHE_FINE_GRAINED_OUTPUTS\=YES
    export CLANG_CXX_LANGUAGE_STANDARD\=gnu++14
    export CLANG_CXX_LIBRARY\=libc++
    export CLANG_C_LANGUAGE_STANDARD\=c11
    export CLANG_ENABLE_EXPLICIT_MODULES\=YES
    export CLANG_ENABLE_MODULES\=YES
    export CLANG_ENABLE_OBJC_ARC\=YES
    export CLANG_ENABLE_OBJC_WEAK\=YES
    export CLANG_MODULES_BUILD_SESSION_FILE\=/Users/jack/Library/Developer/Xcode/DerivedData/ModuleCache.noindex/Session.modulevalidation
    export CLANG_WARN_BLOCK_CAPTURE_AUTORELEASING\=YES
    export CLANG_WARN_BOOL_CONVERSION\=YES
    export CLANG_WARN_COMMA\=YES
    export CLANG_WARN_CONSTANT_CONVERSION\=YES
    export CLANG_WARN_DEPRECATED_OBJC_IMPLEMENTATIONS\=YES
    export CLANG_WARN_DIRECT_OBJC_ISA_USAGE\=YES_ERROR
    export CLANG_WARN_DOCUMENTATION_COMMENTS\=YES
    export CLANG_WARN_EMPTY_BODY\=YES
    export CLANG_WARN_ENUM_CONVERSION\=YES
    export CLANG_WARN_INFINITE_RECURSION\=YES
    export CLANG_WARN_INT_CONVERSION\=YES
    export CLANG_WARN_NON_LITERAL_NULL_CONVERSION\=YES
    export CLANG_WARN_OBJC_IMPLICIT_RETAIN_SELF\=YES
    export CLANG_WARN_OBJC_LITERAL_CONVERSION\=YES
    export CLANG_WARN_OBJC_ROOT_CLASS\=YES_ERROR
    export CLANG_WARN_QUOTED_INCLUDE_IN_FRAMEWORK_HEADER\=YES
    export CLANG_WARN_RANGE_LOOP_ANALYSIS\=YES
    export CLANG_WARN_STRICT_PROTOTYPES\=YES
    export CLANG_WARN_SUSPICIOUS_MOVE\=YES
    export CLANG_WARN_UNGUARDED_AVAILABILITY\=YES_AGGRESSIVE
    export CLANG_WARN_UNREACHABLE_CODE\=YES
    export CLANG_WARN__DUPLICATE_METHOD_MATCH\=YES
    export CLASS_FILE_DIR\=/Users/jack/Library/Developer/Xcode/DerivedData/ATProtoPDS-fwihiwnbznvwjpdzphgsetfzjsmu/Build/Intermediates.noindex/ATProtoPDS.build/Debug/AllTests.build/JavaClasses
    export CLEAN_PRECOMPS\=YES
    export CLONE_HEADERS\=NO
    export CODESIGNING_FOLDER_PATH\=/Users/jack/Library/Developer/Xcode/DerivedData/ATProtoPDS-fwihiwnbznvwjpdzphgsetfzjsmu/Build/Products/Debug/AllTests
    export CODE_SIGNING_ALLOWED\=YES
    export CODE_SIGNING_REQUIRED\=YES
    export CODE_SIGN_IDENTITY\=-
    export CODE_SIGN_IDENTITY_NO\=Apple\ Development
    export CODE_SIGN_IDENTITY_YES\=-
    export CODE_SIGN_INJECT_BASE_ENTITLEMENTS\=YES
    export COLOR_DIAGNOSTICS\=NO
    export COMBINE_HIDPI_IMAGES\=YES
    export COMPILATION_CACHE_CAS_PATH\=/Users/jack/Library/Developer/Xcode/DerivedData/CompilationCache.noindex
    export COMPILATION_CACHE_KEEP_CAS_DIRECTORY\=YES
    export COMPILER_INDEX_STORE_ENABLE\=Default
    export COMPOSITE_SDK_DIRS\=/Users/jack/Library/Developer/Xcode/DerivedData/ATProtoPDS-fwihiwnbznvwjpdzphgsetfzjsmu/Build/Intermediates.noindex/CompositeSDKs
    export COMPRESS_PNG_FILES\=NO
    export CONFIGURATION\=Debug
    export CONFIGURATION_BUILD_DIR\=/Users/jack/Library/Developer/Xcode/DerivedData/ATProtoPDS-fwihiwnbznvwjpdzphgsetfzjsmu/Build/Products/Debug
    export CONFIGURATION_TEMP_DIR\=/Users/jack/Library/Developer/Xcode/DerivedData/ATProtoPDS-fwihiwnbznvwjpdzphgsetfzjsmu/Build/Intermediates.noindex/ATProtoPDS.build/Debug
    export COPYING_PRESERVES_HFS_DATA\=NO
    export COPY_HEADERS_RUN_UNIFDEF\=NO
    export COPY_PHASE_STRIP\=NO
    export CP\=/bin/cp
    export CREATE_INFOPLIST_SECTION_IN_BINARY\=NO
    export CURRENT_ARCH\=undefined_arch
    export CURRENT_VARIANT\=normal
    export DEAD_CODE_STRIPPING\=NO
    export DEBUGGING_SYMBOLS\=YES
    export DEBUG_INFORMATION_FORMAT\=dwarf
    export DEBUG_INFORMATION_VERSION\=compiler-default
    export DEFAULT_COMPILER\=com.apple.compilers.llvm.clang.1_0
    export DEFAULT_DEXT_INSTALL_PATH\=/System/Library/DriverExtensions
    export DEFAULT_KEXT_INSTALL_PATH\=/System/Library/Extensions
    export DEFINES_MODULE\=NO
    export DEPLOYMENT_LOCATION\=NO
    export DEPLOYMENT_POSTPROCESSING\=NO
    export DEPLOYMENT_TARGET_SETTING_NAME\=MACOSX_DEPLOYMENT_TARGET
    export DEPLOYMENT_TARGET_SUGGESTED_VALUES\=10.13\ 10.14\ 10.15\ 11.0\ 11.1\ 11.2\ 11.3\ 11.4\ 11.5\ 12.0\ 12.2\ 12.3\ 12.4\ 13.0\ 13.1\ 13.2\ 13.3\ 13.4\ 13.5\ 14.0\ 14.1\ 14.2\ 14.3\ 14.4\ 14.5\ 14.6\ 15.0\ 15.1\ 15.2\ 15.3\ 15.4\ 15.5\ 15.6\ 26.0\ 26.1\ 26.2
    export DERIVED_FILES_DIR\=/Users/jack/Library/Developer/Xcode/DerivedData/ATProtoPDS-fwihiwnbznvwjpdzphgsetfzjsmu/Build/Intermediates.noindex/ATProtoPDS.build/Debug/AllTests.build/DerivedSources
    export DERIVED_FILE_DIR\=/Users/jack/Library/Developer/Xcode/DerivedData/ATProtoPDS-fwihiwnbznvwjpdzphgsetfzjsmu/Build/Intermediates.noindex/ATProtoPDS.build/Debug/AllTests.build/DerivedSources
    export DERIVED_SOURCES_DIR\=/Users/jack/Library/Developer/Xcode/DerivedData/ATProtoPDS-fwihiwnbznvwjpdzphgsetfzjsmu/Build/Intermediates.noindex/ATProtoPDS.build/Debug/AllTests.build/DerivedSources
    export DEVELOPER_APPLICATIONS_DIR\=/Applications/Xcode.app/Contents/Developer/Applications
    export DEVELOPER_BIN_DIR\=/Applications/Xcode.app/Contents/Developer/usr/bin
    export DEVELOPER_DIR\=/Applications/Xcode.app/Contents/Developer
    export DEVELOPER_FRAMEWORKS_DIR\=/Applications/Xcode.app/Contents/Developer/Library/Frameworks
    export DEVELOPER_FRAMEWORKS_DIR_QUOTED\=/Applications/Xcode.app/Contents/Developer/Library/Frameworks
    export DEVELOPER_LIBRARY_DIR\=/Applications/Xcode.app/Contents/Developer/Library
    export DEVELOPER_SDK_DIR\=/Applications/Xcode.app/Contents/Developer/Platforms/MacOSX.platform/Developer/SDKs
    export DEVELOPER_TOOLS_DIR\=/Applications/Xcode.app/Contents/Developer/Tools
    export DEVELOPER_USR_DIR\=/Applications/Xcode.app/Contents/Developer/usr
    export DEVELOPMENT_LANGUAGE\=en
    export DIAGNOSE_MISSING_TARGET_DEPENDENCIES\=YES
    export DIFF\=/usr/bin/diff
    export DONT_GENERATE_INFOPLIST_FILE\=NO
    export DSTROOT\=/tmp/ATProtoPDS.dst
    export DT_TOOLCHAIN_DIR\=/Applications/Xcode.app/Contents/Developer/Toolchains/XcodeDefault.xctoolchain
    export DWARF_DSYM_FILE_NAME\=AllTests.dSYM
    export DWARF_DSYM_FILE_SHOULD_ACCOMPANY_PRODUCT\=NO
    export DWARF_DSYM_FOLDER_PATH\=/Users/jack/Library/Developer/Xcode/DerivedData/ATProtoPDS-fwihiwnbznvwjpdzphgsetfzjsmu/Build/Products/Debug
    export DYNAMIC_LIBRARY_EXTENSION\=dylib
    export EAGER_COMPILATION_ALLOW_SCRIPTS\=NO
    export EAGER_LINKING\=NO
    export EMBEDDED_CONTENT_CONTAINS_SWIFT\=NO
    export EMBEDDED_PROFILE_NAME\=embedded.provisionprofile
    export EMBED_ASSET_PACKS_IN_PRODUCT_BUNDLE\=NO
    export ENABLE_APP_SANDBOX\=NO
    export ENABLE_CODE_COVERAGE\=YES
    export ENABLE_CPLUSPLUS_BOUNDS_SAFE_BUFFERS\=NO
    export ENABLE_C_BOUNDS_SAFETY\=NO
    export ENABLE_DEFAULT_HEADER_SEARCH_PATHS\=YES
    export ENABLE_DEFAULT_SEARCH_PATHS\=YES
    export ENABLE_ENHANCED_SECURITY\=NO
    export ENABLE_HARDENED_RUNTIME\=NO
    export ENABLE_HEADER_DEPENDENCIES\=YES
    export ENABLE_INCOMING_NETWORK_CONNECTIONS\=NO
    export ENABLE_ON_DEMAND_RESOURCES\=NO
    export ENABLE_OUTGOING_NETWORK_CONNECTIONS\=NO
    export ENABLE_POINTER_AUTHENTICATION\=NO
    export ENABLE_PREVIEWS\=NO
    export ENABLE_RESOURCE_ACCESS_AUDIO_INPUT\=NO
    export ENABLE_RESOURCE_ACCESS_BLUETOOTH\=NO
    export ENABLE_RESOURCE_ACCESS_CALENDARS\=NO
    export ENABLE_RESOURCE_ACCESS_CAMERA\=NO
    export ENABLE_RESOURCE_ACCESS_CONTACTS\=NO
    export ENABLE_RESOURCE_ACCESS_LOCATION\=NO
    export ENABLE_RESOURCE_ACCESS_PHOTO_LIBRARY\=NO
    export ENABLE_RESOURCE_ACCESS_PRINTING\=NO
    export ENABLE_RESOURCE_ACCESS_USB\=NO
    export ENABLE_SDK_IMPORTS\=NO
    export ENABLE_SECURITY_COMPILER_WARNINGS\=NO
    export ENABLE_STRICT_OBJC_MSGSEND\=YES
    export ENABLE_TESTABILITY\=YES
    export ENABLE_TESTING_SEARCH_PATHS\=NO
    export ENABLE_USER_SCRIPT_SANDBOXING\=NO
    export ENABLE_XOJIT_PREVIEWS\=YES
    export ENFORCE_VALID_ARCHS\=YES
    export ENTITLEMENTS_ALLOWED\=YES
    export ENTITLEMENTS_DESTINATION\=Signature
    export ENTITLEMENTS_REQUIRED\=YES
    export EXCLUDED_INSTALLSRC_SUBDIRECTORY_PATTERNS\=.DS_Store\ .svn\ .git\ .hg\ CVS
    export EXCLUDED_RECURSIVE_SEARCH_PATH_SUBDIRECTORIES\=\*.nib\ \*.lproj\ \*.framework\ \*.gch\ \*.xcode\*\ \*.xcassets\ \*.icon\ \(\*\)\ .DS_Store\ CVS\ .svn\ .git\ .hg\ \*.pbproj\ \*.pbxproj
    export EXECUTABLE_NAME\=AllTests
    export EXECUTABLE_PATH\=/Users/jack/Software/garazyk/build/tests/AllTests
    export EXPANDED_CODE_SIGN_IDENTITY\=-
    export EXPANDED_CODE_SIGN_IDENTITY_NAME\=Sign\ to\ Run\ Locally
    export FILE_LIST\=/Users/jack/Library/Developer/Xcode/DerivedData/ATProtoPDS-fwihiwnbznvwjpdzphgsetfzjsmu/Build/Intermediates.noindex/ATProtoPDS.build/Debug/AllTests.build/Objects/LinkFileList
    export FIXED_FILES_DIR\=/Users/jack/Library/Developer/Xcode/DerivedData/ATProtoPDS-fwihiwnbznvwjpdzphgsetfzjsmu/Build/Intermediates.noindex/ATProtoPDS.build/Debug/AllTests.build/FixedFiles
    export FRAMEWORK_FLAG_PREFIX\=-framework
    export FRAMEWORK_SEARCH_PATHS\=/Users/jack/Library/Developer/Xcode/DerivedData/ATProtoPDS-fwihiwnbznvwjpdzphgsetfzjsmu/Build/Products/Debug\ 
    export FRAMEWORK_VERSION\=A
    export FULL_PRODUCT_NAME\=AllTests
    export FUSE_BUILD_PHASES\=YES
    export FUSE_BUILD_SCRIPT_PHASES\=NO
    export GCC3_VERSION\=3.3
    export GCC_C_LANGUAGE_STANDARD\=gnu11
    export GCC_DYNAMIC_NO_PIC\=NO
    export GCC_INLINES_ARE_PRIVATE_EXTERN\=YES
    export GCC_NO_COMMON_BLOCKS\=YES
    export GCC_OPTIMIZATION_LEVEL\=0
    export GCC_PFE_FILE_C_DIALECTS\=c\ objective-c\ c++\ objective-c++
    export GCC_PREPROCESSOR_DEFINITIONS\=\ DEBUG\=1
    export GCC_SYMBOLS_PRIVATE_EXTERN\=NO
    export GCC_TREAT_WARNINGS_AS_ERRORS\=NO
    export GCC_VERSION\=com.apple.compilers.llvm.clang.1_0
    export GCC_VERSION_IDENTIFIER\=com_apple_compilers_llvm_clang_1_0
    export GCC_WARN_64_TO_32_BIT_CONVERSION\=YES
    export GCC_WARN_ABOUT_RETURN_TYPE\=YES_ERROR
    export GCC_WARN_UNDECLARED_SELECTOR\=YES
    export GCC_WARN_UNINITIALIZED_AUTOS\=YES_AGGRESSIVE
    export GCC_WARN_UNUSED_FUNCTION\=YES
    export GCC_WARN_UNUSED_VARIABLE\=YES
    export GENERATED_MODULEMAP_DIR\=/Users/jack/Library/Developer/Xcode/DerivedData/ATProtoPDS-fwihiwnbznvwjpdzphgsetfzjsmu/Build/Intermediates.noindex/GeneratedModuleMaps
    export GENERATE_INFOPLIST_FILE\=NO
    export GENERATE_INTERMEDIATE_TEXT_BASED_STUBS\=YES
    export GENERATE_PKGINFO_FILE\=NO
    export GENERATE_PRELINK_OBJECT_FILE\=NO
    export GENERATE_PROFILING_CODE\=NO
    export GENERATE_TEXT_BASED_STUBS\=NO
    export GID\=20
    export GROUP\=staff
    export HEADERMAP_INCLUDES_FLAT_ENTRIES_FOR_TARGET_BEING_BUILT\=YES
    export HEADERMAP_INCLUDES_FRAMEWORK_ENTRIES_FOR_ALL_PRODUCT_TYPES\=YES
    export HEADERMAP_INCLUDES_FRAMEWORK_ENTRIES_FOR_TARGETS_NOT_BEING_BUILT\=YES
    export HEADERMAP_INCLUDES_NONPUBLIC_NONPRIVATE_HEADERS\=YES
    export HEADERMAP_INCLUDES_PROJECT_HEADERS\=YES
    export HEADERMAP_USES_FRAMEWORK_PREFIX_ENTRIES\=YES
    export HEADERMAP_USES_VFS\=NO
    export HEADER_SEARCH_PATHS\=/Users/jack/Library/Developer/Xcode/DerivedData/ATProtoPDS-fwihiwnbznvwjpdzphgsetfzjsmu/Build/Products/Debug/include\ 
    export HOME\=/Users/jack
    export HOST_ARCH\=arm64
    export HOST_PLATFORM\=macosx
    export ICONV\=/usr/bin/iconv
    export IMPLICIT_DEPENDENCY_DOMAIN\=default
    export INFOPLIST_ENABLE_CFBUNDLEICONS_MERGE\=YES
    export INFOPLIST_EXPAND_BUILD_SETTINGS\=YES
    export INFOPLIST_FILE\=ATProtoPDS/Resources/Info.plist
    export INFOPLIST_OUTPUT_FORMAT\=same-as-input
    export INFOPLIST_PREPROCESS\=NO
    export INLINE_PRIVATE_FRAMEWORKS\=NO
    export INSTALLAPI_IGNORE_SKIP_INSTALL\=YES
    export INSTALLHDRS_COPY_PHASE\=NO
    export INSTALLHDRS_SCRIPT_PHASE\=NO
    export INSTALL_DIR\=/tmp/ATProtoPDS.dst/usr/local/bin
    export INSTALL_GROUP\=staff
    export INSTALL_MODE_FLAG\=u+w,go-w,a+rX
    export INSTALL_OWNER\=jack
    export INSTALL_PATH\=/usr/local/bin
    export INSTALL_ROOT\=/tmp/ATProtoPDS.dst
    export IOS_UNZIPPERED_TWIN_PREFIX_PATH\=/System/iOSSupport
    export IS_MACCATALYST\=NO
    export IS_UNOPTIMIZED_BUILD\=YES
    export JAVAC_DEFAULT_FLAGS\=-J-Xms64m\ -J-XX:NewSize\=4M\ -J-Dfile.encoding\=UTF8
    export JAVA_APP_STUB\=/System/Library/Frameworks/JavaVM.framework/Resources/MacOS/JavaApplicationStub
    export JAVA_ARCHIVE_CLASSES\=YES
    export JAVA_ARCHIVE_TYPE\=JAR
    export JAVA_COMPILER\=/usr/bin/javac
    export JAVA_FRAMEWORK_RESOURCES_DIRS\=Resources
    export JAVA_JAR_FLAGS\=cv
    export JAVA_SOURCE_SUBDIR\=.
    export JAVA_USE_DEPENDENCIES\=YES
    export JAVA_ZIP_FLAGS\=-urg
    export JIKES_DEFAULT_FLAGS\=+E\ +OLDCSO
    export KASAN_CFLAGS_CLASSIC\=-DKASAN\=1\ -DKASAN_CLASSIC\=1\ -fsanitize\=address\ -mllvm\ -asan-globals-live-support\ -mllvm\ -asan-force-dynamic-shadow
    export KASAN_CFLAGS_TBI\=-DKASAN\=1\ -DKASAN_TBI\=1\ -fsanitize\=kernel-hwaddress\ -mllvm\ -hwasan-recover\=0\ -mllvm\ -hwasan-instrument-atomics\=0\ -mllvm\ -hwasan-instrument-stack\=1\ -mllvm\ -hwasan-generate-tags-with-calls\=1\ -mllvm\ -hwasan-instrument-with-calls\=1\ -mllvm\ -hwasan-use-short-granules\=0\ -mllvm\ -hwasan-memory-access-callback-prefix\=__asan_
    export KASAN_DEFAULT_CFLAGS\=-DKASAN\=1\ -DKASAN_CLASSIC\=1\ -fsanitize\=address\ -mllvm\ -asan-globals-live-support\ -mllvm\ -asan-force-dynamic-shadow
    export KEEP_PRIVATE_EXTERNS\=NO
    export LD_DEPENDENCY_INFO_FILE\=/Users/jack/Library/Developer/Xcode/DerivedData/ATProtoPDS-fwihiwnbznvwjpdzphgsetfzjsmu/Build/Intermediates.noindex/ATProtoPDS.build/Debug/AllTests.build/Objects-normal/undefined_arch/AllTests_dependency_info.dat
    export LD_EXPORT_SYMBOLS\=YES
    export LD_GENERATE_MAP_FILE\=NO
    export LD_MAP_FILE_PATH\=/Users/jack/Library/Developer/Xcode/DerivedData/ATProtoPDS-fwihiwnbznvwjpdzphgsetfzjsmu/Build/Intermediates.noindex/ATProtoPDS.build/Debug/AllTests.build/AllTests-LinkMap-normal-undefined_arch.txt
    export LD_NO_PIE\=NO
    export LD_QUOTE_LINKER_ARGUMENTS_FOR_COMPILER_DRIVER\=YES
    export LD_RUNPATH_SEARCH_PATHS\=\ @executable_path/../Frameworks
    export LD_SHARED_CACHE_ELIGIBLE\=Automatic
    export LD_WARN_DUPLICATE_LIBRARIES\=NO
    export LD_WARN_UNUSED_DYLIBS\=NO
    export LEGACY_DEVELOPER_DIR\=/Applications/Xcode.app/Contents/PlugIns/Xcode3Core.ideplugin/Contents/SharedSupport/Developer
    export LEX\=lex
    export LIBRARY_DEXT_INSTALL_PATH\=/Library/DriverExtensions
    export LIBRARY_FLAG_NOSPACE\=YES
    export LIBRARY_FLAG_PREFIX\=-l
    export LIBRARY_KEXT_INSTALL_PATH\=/Library/Extensions
    export LIBRARY_SEARCH_PATHS\=/Users/jack/Library/Developer/Xcode/DerivedData/ATProtoPDS-fwihiwnbznvwjpdzphgsetfzjsmu/Build/Products/Debug\ 
    export LINKER_DISPLAYS_MANGLED_NAMES\=NO
    export LINK_FILE_LIST_normal_arm64\=/Users/jack/Library/Developer/Xcode/DerivedData/ATProtoPDS-fwihiwnbznvwjpdzphgsetfzjsmu/Build/Intermediates.noindex/ATProtoPDS.build/Debug/AllTests.build/Objects-normal/arm64/AllTests.LinkFileList
    export LINK_OBJC_RUNTIME\=YES
    export LINK_WITH_STANDARD_LIBRARIES\=YES
    export LLVM_TARGET_TRIPLE_OS_VERSION\=macos14.0
    export LLVM_TARGET_TRIPLE_OS_VERSION_NO\=macos14.0
    export LLVM_TARGET_TRIPLE_OS_VERSION_YES\=macos26.2
    export LLVM_TARGET_TRIPLE_VENDOR\=apple
    export LM_AUX_CONST_METADATA_LIST_PATH_normal_arm64\=/Users/jack/Library/Developer/Xcode/DerivedData/ATProtoPDS-fwihiwnbznvwjpdzphgsetfzjsmu/Build/Intermediates.noindex/ATProtoPDS.build/Debug/AllTests.build/Objects-normal/arm64/AllTests.SwiftConstValuesFileList
    export LOCALIZATION_EXPORT_SUPPORTED\=YES
    export LOCALIZATION_PREFERS_STRING_CATALOGS\=NO
    export LOCALIZED_STRING_MACRO_NAMES\=NSLocalizedString\ CFCopyLocalizedString
    export LOCALIZED_STRING_SWIFTUI_SUPPORT\=YES
    export LOCAL_ADMIN_APPS_DIR\=/Applications/Utilities
    export LOCAL_APPS_DIR\=/Applications
    export LOCAL_DEVELOPER_DIR\=/Library/Developer
    export LOCAL_LIBRARY_DIR\=/Library
    export LOCROOT\=/Users/jack/Software/garazyk
    export LOCSYMROOT\=/Users/jack/Software/garazyk
    export MACH_O_TYPE\=mh_execute
    export MACOSX_DEPLOYMENT_TARGET\=14.0
    export MAC_OS_X_PRODUCT_BUILD_VERSION\=25C56
    export MAC_OS_X_VERSION_ACTUAL\=260200
    export MAC_OS_X_VERSION_MAJOR\=260000
    export MAC_OS_X_VERSION_MINOR\=260200
    export MAKE_MERGEABLE\=NO
    export MERGEABLE_LIBRARY\=NO
    export MERGED_BINARY_TYPE\=none
    export MERGE_LINKED_LIBRARIES\=NO
    export METAL_LIBRARY_FILE_BASE\=default
    export METAL_LIBRARY_OUTPUT_DIR\=/Users/jack/Library/Developer/Xcode/DerivedData/ATProtoPDS-fwihiwnbznvwjpdzphgsetfzjsmu/Build/Products/Debug/
    export MODULE_CACHE_DIR\=/Users/jack/Library/Developer/Xcode/DerivedData/ModuleCache.noindex
    export MTL_ENABLE_DEBUG_INFO\=INCLUDE_SOURCE
    export MTL_FAST_MATH\=YES
    export NATIVE_ARCH\=arm64
    export NATIVE_ARCH_32_BIT\=arm
    export NATIVE_ARCH_64_BIT\=arm64
    export NATIVE_ARCH_ACTUAL\=arm64
    export NO_COMMON\=YES
    export OBJECT_FILE_DIR\=/Users/jack/Library/Developer/Xcode/DerivedData/ATProtoPDS-fwihiwnbznvwjpdzphgsetfzjsmu/Build/Intermediates.noindex/ATProtoPDS.build/Debug/AllTests.build/Objects
    export OBJECT_FILE_DIR_normal\=/Users/jack/Library/Developer/Xcode/DerivedData/ATProtoPDS-fwihiwnbznvwjpdzphgsetfzjsmu/Build/Intermediates.noindex/ATProtoPDS.build/Debug/AllTests.build/Objects-normal
    export OBJROOT\=/Users/jack/Library/Developer/Xcode/DerivedData/ATProtoPDS-fwihiwnbznvwjpdzphgsetfzjsmu/Build/Intermediates.noindex
    export ONLY_ACTIVE_ARCH\=YES
    export OS\=MACOS
    export OSAC\=/usr/bin/osacompile
    export PACKAGE_TYPE\=com.apple.package-type.mach-o-executable
    export PASCAL_STRINGS\=YES
    export PATH\=/Applications/Xcode.app/Contents/SharedFrameworks/SwiftBuild.framework/Versions/A/PlugIns/SWBBuildService.bundle/Contents/PlugIns/SWBUniversalPlatformPlugin.bundle/Contents/Frameworks/SWBUniversalPlatform.framework/Resources:/var/run/com.apple.security.cryptexd/mnt/com.apple.MobileAsset.MetalToolchain-v17.3.48.0.DVL6d7/Metal.xctoolchain/usr/bin:/var/run/com.apple.security.cryptexd/mnt/com.apple.MobileAsset.MetalToolchain-v17.3.48.0.DVL6d7/Metal.xctoolchain/usr/local/bin:/var/run/com.apple.security.cryptexd/mnt/com.apple.MobileAsset.MetalToolchain-v17.3.48.0.DVL6d7/Metal.xctoolchain/usr/libexec:/Applications/Xcode.app/Contents/Developer/Toolchains/XcodeDefault.xctoolchain/usr/bin:/Applications/Xcode.app/Contents/Developer/Toolchains/XcodeDefault.xctoolchain/usr/local/bin:/Applications/Xcode.app/Contents/Developer/Toolchains/XcodeDefault.xctoolchain/usr/libexec:/Applications/Xcode.app/Contents/Developer/Platforms/MacOSX.platform/usr/bin:/Applications/Xcode.app/Contents/Developer/Platforms/MacOSX.platform/usr/local/bin:/Applications/Xcode.app/Contents/Developer/Platforms/MacOSX.platform/Developer/usr/bin:/Applications/Xcode.app/Contents/Developer/Platforms/MacOSX.platform/Developer/usr/local/bin:/Applications/Xcode.app/Contents/Developer/usr/bin:/Applications/Xcode.app/Contents/Developer/usr/local/bin:/Users/jack/.antigravity/antigravity/bin:/Users/jack/.codeium/windsurf/bin:/opt/homebrew/bin:/opt/homebrew/sbin:/Users/jack/.swiftly/bin:/Users/jack/.cargo/bin:/Users/jack/.nix-profile/bin:/etc/profiles/per-user/jack/bin:/run/current-system/sw/bin:/nix/var/nix/profiles/default/bin:/usr/local/bin:/usr/bin:/bin:/usr/sbin:/sbin:/Users/jack/.orbstack/bin:/Users/jack/.lmstudio/bin:/Users/jack/.local/bin
    export PATH_PREFIXES_EXCLUDED_FROM_HEADER_DEPENDENCIES\=/usr/include\ /usr/local/include\ /System/Library/Frameworks\ /System/Library/PrivateFrameworks\ /Applications/Xcode.app/Contents/Developer/Headers\ /Applications/Xcode.app/Contents/Developer/SDKs\ /Applications/Xcode.app/Contents/Developer/Platforms
    export PER_ARCH_MODULE_FILE_DIR\=/Users/jack/Library/Developer/Xcode/DerivedData/ATProtoPDS-fwihiwnbznvwjpdzphgsetfzjsmu/Build/Intermediates.noindex/ATProtoPDS.build/Debug/AllTests.build/Objects-normal/undefined_arch
    export PER_ARCH_OBJECT_FILE_DIR\=/Users/jack/Library/Developer/Xcode/DerivedData/ATProtoPDS-fwihiwnbznvwjpdzphgsetfzjsmu/Build/Intermediates.noindex/ATProtoPDS.build/Debug/AllTests.build/Objects-normal/undefined_arch
    export PER_VARIANT_OBJECT_FILE_DIR\=/Users/jack/Library/Developer/Xcode/DerivedData/ATProtoPDS-fwihiwnbznvwjpdzphgsetfzjsmu/Build/Intermediates.noindex/ATProtoPDS.build/Debug/AllTests.build/Objects-normal
    export PKGINFO_FILE_PATH\=/Users/jack/Library/Developer/Xcode/DerivedData/ATProtoPDS-fwihiwnbznvwjpdzphgsetfzjsmu/Build/Intermediates.noindex/ATProtoPDS.build/Debug/AllTests.build/PkgInfo
    export PLATFORM_DEVELOPER_APPLICATIONS_DIR\=/Applications/Xcode.app/Contents/Developer/Applications
    export PLATFORM_DEVELOPER_BIN_DIR\=/Applications/Xcode.app/Contents/Developer/usr/bin
    export PLATFORM_DEVELOPER_LIBRARY_DIR\=/Applications/Xcode.app/Contents/Developer/Library
    export PLATFORM_DEVELOPER_SDK_DIR\=/Applications/Xcode.app/Contents/Developer/Platforms/MacOSX.platform/Developer/SDKs
    export PLATFORM_DEVELOPER_TOOLS_DIR\=/Applications/Xcode.app/Contents/Developer/Tools
    export PLATFORM_DEVELOPER_USR_DIR\=/Applications/Xcode.app/Contents/Developer/usr
    export PLATFORM_DIR\=/Applications/Xcode.app/Contents/Developer/Platforms/MacOSX.platform
    export PLATFORM_DISPLAY_NAME\=macOS
    export PLATFORM_FAMILY_NAME\=macOS
    export PLATFORM_NAME\=macosx
    export PLATFORM_PREFERRED_ARCH\=x86_64
    export PLATFORM_PRODUCT_BUILD_VERSION\=25C57
    export PLATFORM_REQUIRES_SWIFT_AUTOLINK_EXTRACT\=NO
    export PLATFORM_REQUIRES_SWIFT_MODULEWRAP\=NO
    export PLIST_FILE_OUTPUT_FORMAT\=same-as-input
    export PRECOMPS_INCLUDE_HEADERS_FROM_BUILT_PRODUCTS_DIR\=YES
    export PRECOMP_DESTINATION_DIR\=/Users/jack/Library/Developer/Xcode/DerivedData/ATProtoPDS-fwihiwnbznvwjpdzphgsetfzjsmu/Build/Intermediates.noindex/ATProtoPDS.build/Debug/AllTests.build/PrefixHeaders
    export PROCESSED_INFOPLIST_PATH\=/Users/jack/Library/Developer/Xcode/DerivedData/ATProtoPDS-fwihiwnbznvwjpdzphgsetfzjsmu/Build/Intermediates.noindex/ATProtoPDS.build/Debug/AllTests.build/Objects-normal/undefined_arch/Processed-Info.plist
    export PRODUCT_BUNDLE_IDENTIFIER\=com.atproto.AllTests
    export PRODUCT_MODULE_NAME\=AllTests
    export PRODUCT_NAME\=AllTests
    export PRODUCT_SETTINGS_PATH\=/Users/jack/Software/garazyk/ATProtoPDS/Resources/Info.plist
    export PRODUCT_TYPE\=com.apple.product-type.tool
    export PROFILING_CODE\=NO
    export PROJECT\=ATProtoPDS
    export PROJECT_DERIVED_FILE_DIR\=/Users/jack/Library/Developer/Xcode/DerivedData/ATProtoPDS-fwihiwnbznvwjpdzphgsetfzjsmu/Build/Intermediates.noindex/ATProtoPDS.build/DerivedSources
    export PROJECT_DIR\=/Users/jack/Software/garazyk
    export PROJECT_FILE_PATH\=/Users/jack/Software/garazyk/ATProtoPDS.xcodeproj
    export PROJECT_GUID\=6c4b636fd6417b95f09c045b5dcfd93a
    export PROJECT_NAME\=ATProtoPDS
    export PROJECT_TEMP_DIR\=/Users/jack/Library/Developer/Xcode/DerivedData/ATProtoPDS-fwihiwnbznvwjpdzphgsetfzjsmu/Build/Intermediates.noindex/ATProtoPDS.build
    export PROJECT_TEMP_ROOT\=/Users/jack/Library/Developer/Xcode/DerivedData/ATProtoPDS-fwihiwnbznvwjpdzphgsetfzjsmu/Build/Intermediates.noindex
    export RECOMMENDED_MACOSX_DEPLOYMENT_TARGET\=11.0
    export RECURSIVE_SEARCH_PATHS_FOLLOW_SYMLINKS\=YES
    export REMOVE_CVS_FROM_RESOURCES\=YES
    export REMOVE_GIT_FROM_RESOURCES\=YES
    export REMOVE_HEADERS_FROM_EMBEDDED_BUNDLES\=YES
    export REMOVE_HG_FROM_RESOURCES\=YES
    export REMOVE_STATIC_EXECUTABLES_FROM_EMBEDDED_BUNDLES\=YES
    export REMOVE_SVN_FROM_RESOURCES\=YES
    export RESCHEDULE_INDEPENDENT_HEADERS_PHASES\=YES
    export REZ_COLLECTOR_DIR\=/Users/jack/Library/Developer/Xcode/DerivedData/ATProtoPDS-fwihiwnbznvwjpdzphgsetfzjsmu/Build/Intermediates.noindex/ATProtoPDS.build/Debug/AllTests.build/ResourceManagerResources
    export REZ_EXECUTABLE\=YES
    export REZ_OBJECTS_DIR\=/Users/jack/Library/Developer/Xcode/DerivedData/ATProtoPDS-fwihiwnbznvwjpdzphgsetfzjsmu/Build/Intermediates.noindex/ATProtoPDS.build/Debug/AllTests.build/ResourceManagerResources/Objects
    export REZ_SEARCH_PATHS\=/Users/jack/Library/Developer/Xcode/DerivedData/ATProtoPDS-fwihiwnbznvwjpdzphgsetfzjsmu/Build/Products/Debug\ 
    export RUNTIME_EXCEPTION_ALLOW_DYLD_ENVIRONMENT_VARIABLES\=NO
    export RUNTIME_EXCEPTION_ALLOW_JIT\=NO
    export RUNTIME_EXCEPTION_ALLOW_UNSIGNED_EXECUTABLE_MEMORY\=NO
    export RUNTIME_EXCEPTION_DEBUGGING_TOOL\=NO
    export RUNTIME_EXCEPTION_DISABLE_EXECUTABLE_PAGE_PROTECTION\=NO
    export RUNTIME_EXCEPTION_DISABLE_LIBRARY_VALIDATION\=NO
    export SCAN_ALL_SOURCE_FILES_FOR_INCLUDES\=NO
    export SCRIPT_INPUT_FILE_COUNT\=0
    export SCRIPT_INPUT_FILE_LIST_COUNT\=0
    export SCRIPT_OUTPUT_FILE_COUNT\=0
    export SCRIPT_OUTPUT_FILE_LIST_COUNT\=0
    export SDKROOT\=/Applications/Xcode.app/Contents/Developer/Platforms/MacOSX.platform/Developer/SDKs/MacOSX26.2.sdk
    export SDK_DIR\=/Applications/Xcode.app/Contents/Developer/Platforms/MacOSX.platform/Developer/SDKs/MacOSX26.2.sdk
    export SDK_DIR_macosx\=/Applications/Xcode.app/Contents/Developer/Platforms/MacOSX.platform/Developer/SDKs/MacOSX26.2.sdk
    export SDK_DIR_macosx26_2\=/Applications/Xcode.app/Contents/Developer/Platforms/MacOSX.platform/Developer/SDKs/MacOSX26.2.sdk
    export SDK_NAME\=macosx26.2
    export SDK_NAMES\=macosx26.2
    export SDK_PRODUCT_BUILD_VERSION\=25C57
    export SDK_STAT_CACHE_DIR\=/Users/jack/Library/Developer/Xcode/DerivedData
    export SDK_STAT_CACHE_ENABLE\=YES
    export SDK_STAT_CACHE_PATH\=/Users/jack/Library/Developer/Xcode/DerivedData/SDKStatCaches.noindex/macosx26.2-25C57-3885c01c3e6b6a337905948deab2002e00fa09913b459cbbc988d1f6730289ae.sdkstatcache
    export SDK_VERSION\=26.2
    export SDK_VERSION_ACTUAL\=260200
    export SDK_VERSION_MAJOR\=260000
    export SDK_VERSION_MINOR\=260200
    export SED\=/usr/bin/sed
    export SEPARATE_STRIP\=NO
    export SEPARATE_SYMBOL_EDIT\=NO
    export SET_DIR_MODE_OWNER_GROUP\=YES
    export SET_FILE_MODE_OWNER_GROUP\=NO
    export SHALLOW_BUNDLE\=NO
    export SHARED_DERIVED_FILE_DIR\=/Users/jack/Library/Developer/Xcode/DerivedData/ATProtoPDS-fwihiwnbznvwjpdzphgsetfzjsmu/Build/Products/Debug/DerivedSources
    export SHARED_PRECOMPS_DIR\=/Users/jack/Library/Developer/Xcode/DerivedData/ATProtoPDS-fwihiwnbznvwjpdzphgsetfzjsmu/Build/Intermediates.noindex/PrecompiledHeaders
    export SKIP_INSTALL\=NO
    export SOURCE_ROOT\=/Users/jack/Software/garazyk
    export SRCROOT\=/Users/jack/Software/garazyk
    export STRINGSDATA_DIR\=/Users/jack/Library/Developer/Xcode/DerivedData/ATProtoPDS-fwihiwnbznvwjpdzphgsetfzjsmu/Build/Intermediates.noindex/ATProtoPDS.build/Debug/AllTests.build/Objects-normal/undefined_arch
    export STRINGSDATA_ROOT\=/Users/jack/Library/Developer/Xcode/DerivedData/ATProtoPDS-fwihiwnbznvwjpdzphgsetfzjsmu/Build/Intermediates.noindex/ATProtoPDS.build/Debug/AllTests.build
    export STRINGS_FILE_INFOPLIST_RENAME\=YES
    export STRINGS_FILE_OUTPUT_ENCODING\=UTF-16
    export STRING_CATALOG_GENERATE_SYMBOLS\=NO
    export STRIP_BITCODE_FROM_COPIED_FILES\=NO
    export STRIP_INSTALLED_PRODUCT\=NO
    export STRIP_PNG_TEXT\=NO
    export STRIP_STYLE\=all
    export STRIP_SWIFT_SYMBOLS\=YES
    export SUPPORTED_PLATFORMS\=macosx
    export SUPPORTS_TEXT_BASED_API\=NO
    export SUPPRESS_WARNINGS\=NO
    export SWIFT_ACTIVE_COMPILATION_CONDITIONS\=DEBUG
    export SWIFT_EMIT_CONST_VALUE_PROTOCOLS\=AppIntent\ EntityQuery\ AppEntity\ TransientEntity\ AppEnum\ AppShortcutProviding\ AppShortcutsProvider\ AnyResolverProviding\ AppIntentsPackage\ DynamicOptionsProvider\ _IntentValueRepresentable\ _AssistantIntentsProvider\ _GenerativeFunctionExtractable\ IntentValueQuery\ Resolver\ AppExtension\ ExtensionPointDefining
    export SWIFT_EMIT_LOC_STRINGS\=NO
    export SWIFT_ENABLE_EXPLICIT_MODULES\=YES
    export SWIFT_OPTIMIZATION_LEVEL\=-Onone
    export SWIFT_PLATFORM_TARGET_PREFIX\=macos
    export SWIFT_RESPONSE_FILE_PATH_normal_arm64\=/Users/jack/Library/Developer/Xcode/DerivedData/ATProtoPDS-fwihiwnbznvwjpdzphgsetfzjsmu/Build/Intermediates.noindex/ATProtoPDS.build/Debug/AllTests.build/Objects-normal/arm64/AllTests.SwiftFileList
    export SWIFT_VERSION\=5.0
    export SYMROOT\=/Users/jack/Library/Developer/Xcode/DerivedData/ATProtoPDS-fwihiwnbznvwjpdzphgsetfzjsmu/Build/Products
    export SYSTEM_ADMIN_APPS_DIR\=/Applications/Utilities
    export SYSTEM_APPS_DIR\=/Applications
    export SYSTEM_CORE_SERVICES_DIR\=/System/Library/CoreServices
    export SYSTEM_DEMOS_DIR\=/Applications/Extras
    export SYSTEM_DEVELOPER_APPS_DIR\=/Applications/Xcode.app/Contents/Developer/Applications
    export SYSTEM_DEVELOPER_BIN_DIR\=/Applications/Xcode.app/Contents/Developer/usr/bin
    export SYSTEM_DEVELOPER_DEMOS_DIR\=/Applications/Xcode.app/Contents/Developer/Applications/Utilities/Built\ Examples
    export SYSTEM_DEVELOPER_DIR\=/Applications/Xcode.app/Contents/Developer
    export SYSTEM_DEVELOPER_DOC_DIR\=/Applications/Xcode.app/Contents/Developer/ADC\ Reference\ Library
    export SYSTEM_DEVELOPER_GRAPHICS_TOOLS_DIR\=/Applications/Xcode.app/Contents/Developer/Applications/Graphics\ Tools
    export SYSTEM_DEVELOPER_JAVA_TOOLS_DIR\=/Applications/Xcode.app/Contents/Developer/Applications/Java\ Tools
    export SYSTEM_DEVELOPER_PERFORMANCE_TOOLS_DIR\=/Applications/Xcode.app/Contents/Developer/Applications/Performance\ Tools
    export SYSTEM_DEVELOPER_RELEASENOTES_DIR\=/Applications/Xcode.app/Contents/Developer/ADC\ Reference\ Library/releasenotes
    export SYSTEM_DEVELOPER_TOOLS\=/Applications/Xcode.app/Contents/Developer/Tools
    export SYSTEM_DEVELOPER_TOOLS_DOC_DIR\=/Applications/Xcode.app/Contents/Developer/ADC\ Reference\ Library/documentation/DeveloperTools
    export SYSTEM_DEVELOPER_TOOLS_RELEASENOTES_DIR\=/Applications/Xcode.app/Contents/Developer/ADC\ Reference\ Library/releasenotes/DeveloperTools
    export SYSTEM_DEVELOPER_USR_DIR\=/Applications/Xcode.app/Contents/Developer/usr
    export SYSTEM_DEVELOPER_UTILITIES_DIR\=/Applications/Xcode.app/Contents/Developer/Applications/Utilities
    export SYSTEM_DEXT_INSTALL_PATH\=/System/Library/DriverExtensions
    export SYSTEM_DOCUMENTATION_DIR\=/Library/Documentation
    export SYSTEM_KEXT_INSTALL_PATH\=/System/Library/Extensions
    export SYSTEM_LIBRARY_DIR\=/System/Library
    export TAPI_DEMANGLE\=YES
    export TAPI_ENABLE_PROJECT_HEADERS\=NO
    export TAPI_LANGUAGE\=objective-c
    export TAPI_LANGUAGE_STANDARD\=compiler-default
    export TAPI_USE_SRCROOT\=YES
    export TAPI_VERIFY_MODE\=Pedantic
    export TARGETNAME\=AllTests
    export TARGET_BUILD_DIR\=/Users/jack/Library/Developer/Xcode/DerivedData/ATProtoPDS-fwihiwnbznvwjpdzphgsetfzjsmu/Build/Products/Debug
    export TARGET_NAME\=AllTests
    export TARGET_TEMP_DIR\=/Users/jack/Library/Developer/Xcode/DerivedData/ATProtoPDS-fwihiwnbznvwjpdzphgsetfzjsmu/Build/Intermediates.noindex/ATProtoPDS.build/Debug/AllTests.build
    export TEMP_DIR\=/Users/jack/Library/Developer/Xcode/DerivedData/ATProtoPDS-fwihiwnbznvwjpdzphgsetfzjsmu/Build/Intermediates.noindex/ATProtoPDS.build/Debug/AllTests.build
    export TEMP_FILES_DIR\=/Users/jack/Library/Developer/Xcode/DerivedData/ATProtoPDS-fwihiwnbznvwjpdzphgsetfzjsmu/Build/Intermediates.noindex/ATProtoPDS.build/Debug/AllTests.build
    export TEMP_FILE_DIR\=/Users/jack/Library/Developer/Xcode/DerivedData/ATProtoPDS-fwihiwnbznvwjpdzphgsetfzjsmu/Build/Intermediates.noindex/ATProtoPDS.build/Debug/AllTests.build
    export TEMP_ROOT\=/Users/jack/Library/Developer/Xcode/DerivedData/ATProtoPDS-fwihiwnbznvwjpdzphgsetfzjsmu/Build/Intermediates.noindex
    export TEMP_SANDBOX_DIR\=/Users/jack/Library/Developer/Xcode/DerivedData/ATProtoPDS-fwihiwnbznvwjpdzphgsetfzjsmu/Build/Intermediates.noindex/TemporaryTaskSandboxes
    export TEST_FRAMEWORK_SEARCH_PATHS\=\ /Applications/Xcode.app/Contents/Developer/Platforms/MacOSX.platform/Developer/Library/Frameworks
    export TEST_LIBRARY_SEARCH_PATHS\=\ /Applications/Xcode.app/Contents/Developer/Platforms/MacOSX.platform/Developer/usr/lib
    export TOOLCHAINS\=com.apple.dt.toolchain.Metal.32023\ com.apple.dt.toolchain.XcodeDefault
    export TOOLCHAIN_DIR\=/var/run/com.apple.security.cryptexd/mnt/com.apple.MobileAsset.MetalToolchain-v17.3.48.0.DVL6d7/Metal.xctoolchain
    export TOOLCHAIN_VERSION\=32023
    export TREAT_MISSING_BASELINES_AS_TEST_FAILURES\=NO
    export TREAT_MISSING_SCRIPT_PHASE_OUTPUTS_AS_ERRORS\=NO
    export UID\=501
    export UNINSTALLED_PRODUCTS_DIR\=/Users/jack/Library/Developer/Xcode/DerivedData/ATProtoPDS-fwihiwnbznvwjpdzphgsetfzjsmu/Build/Intermediates.noindex/UninstalledProducts
    export UNSTRIPPED_PRODUCT\=NO
    export USER\=jack
    export USER_APPS_DIR\=/Users/jack/Applications
    export USER_LIBRARY_DIR\=/Users/jack/Library
    export USE_DYNAMIC_NO_PIC\=YES
    export USE_HEADERMAP\=YES
    export USE_HEADER_SYMLINKS\=NO
    export VALIDATE_DEVELOPMENT_ASSET_PATHS\=YES_ERROR
    export VALIDATE_PRODUCT\=NO
    export VALID_ARCHS\=arm64\ arm64e\ i386\ x86_64
    export VERBOSE_PBXCP\=NO
    export VERSION_INFO_BUILDER\=jack
    export VERSION_INFO_FILE\=AllTests_vers.c
    export VERSION_INFO_STRING\=\"@\(\#\)PROGRAM:AllTests\ \ PROJECT:ATProtoPDS-\"
    export WORKSPACE_DIR\=/Users/jack/Software/garazyk/ATProtoPDS.xcodeproj
    export WRAP_ASSET_PACKS_IN_SEPARATE_DIRECTORIES\=NO
    export XCODE_APP_SUPPORT_DIR\=/Applications/Xcode.app/Contents/Developer/Library/Xcode
    export XCODE_PRODUCT_BUILD_VERSION\=17C52
    export XCODE_VERSION_ACTUAL\=2620
    export XCODE_VERSION_MAJOR\=2600
    export XCODE_VERSION_MINOR\=2620
    export XPCSERVICES_FOLDER_PATH\=/XPCServices
    export YACC\=yacc
    export _BOOL_\=NO
    export _BOOL_NO\=NO
    export _BOOL_YES\=YES
    export _DEVELOPMENT_TEAM_IS_EMPTY\=YES
    export _DISCOVER_COMMAND_LINE_LINKER_INPUTS\=YES
    export _DISCOVER_COMMAND_LINE_LINKER_INPUTS_INCLUDE_WL\=YES
    export _IS_EMPTY_\=YES
    export _LD_MULTIARCH\=YES
    export _MACOSX_DEPLOYMENT_TARGET_IS_EMPTY\=NO
    export __DIAGNOSE_DEPRECATED_ARCHS\=YES
    export arch\=undefined_arch
    export variant\=normal
    /bin/sh -c /Users/jack/Library/Developer/Xcode/DerivedData/ATProtoPDS-fwihiwnbznvwjpdzphgsetfzjsmu/Build/Intermediates.noindex/ATProtoPDS.build/Debug/AllTests.build/Script-2B198A56150AAB61D5D9F5DD.sh
-- Could NOT find Valgrind (missing: Valgrind_INCLUDE_DIR Valgrind_WORKS) 


secp256k1 configure summary
===========================
Build artifacts:
  library type ........................ Static
Optional modules:
  ECDH ................................ ON
  ECDSA pubkey recovery ............... ON
  extrakeys ........................... ON
  schnorrsig .......................... ON
  musig ............................... ON
  ElligatorSwift ...................... ON
Parameters:
  ecmult window size .................. 15
  ecmult gen table size ............... 86 KiB
Optional features:
  assembly ............................ OFF
  external callbacks .................. OFF
Optional binaries:
  benchmark ........................... ON
  noverify_tests ...................... ON
  tests ............................... ON
  exhaustive tests .................... ON
  ctime_tests ......................... OFF
  examples ............................ OFF

Cross compiling ....................... FALSE
API visibility attributes ............. ON
Valgrind .............................. OFF
Preprocessor defined macros ........... DEBUG=1 ECMULT_WINDOW_SIZE=15 COMB_BLOCKS=43 COMB_TEETH=6
C compiler ............................ AppleClang 17.0.0.17000603, /Applications/Xcode.app/Contents/Developer/Toolchains/XcodeDefault.xctoolchain/usr/bin/clang
CFLAGS ................................ 
Compile options ....................... -Wall -pedantic -Wcast-align -Wconditional-uninitialized -Wextra -Wnested-externs -Wno-long-long -Wno-overlength-strings -Wno-unused-function -Wreserved-identifier -Wshadow -Wstrict-prototypes -Wundef
Build type:
 - CMAKE_BUILD_TYPE ................... Debug
 - CFLAGS ............................. -g -g -O0
 - LDFLAGS for executables ............ 
 - LDFLAGS for shared libraries ....... 

-- 
-- ===========================================
-- ATProtoPDS Build System
-- ===========================================
-- 
-- Build Targets:
--   september         - PDS CLI tool
--   atproto-plc       - Standalone PLC server
--   AllTests          - Unit tests
--   fuzz_xrpc         - XRPC fuzzer
--   fuzz_cbor         - CBOR/CAR fuzzer
--   fuzz_http         - HTTP parser fuzzer
--   fuzz_auth         - Authentication fuzzer
--   fuzz_blob         - Blob security fuzzer
--   fuzz_sqlite       - SQL injection fuzzer
-- 
-- Convenience Targets:
--   make run-fuzzers-limited   - Run fuzzers (limited)
--   make run-fuzzers-extended  - Run fuzzers (extended)
--   make clang-tidy            - Static analysis
--   make format                - Format code
--   make scan-build            - Static analyzer
--   make run-tests             - Run all tests
-- 
-- Options:
--   -DBUILD_FUZZERS=ON   - Build fuzzing targets
--   -DBUILD_TESTS=ON     - Build test targets
--   -DCMAKE_BUILD_TYPE=  - Debug|Release
-- ===========================================
-- Configuring done (0.1s)
-- Generating done (0.1s)
-- Build files have been written to: /Users/jack/Software/garazyk/build
[  0%] Built target secp256k1_precomputed
[  2%] Built target secp256k1
[  2%] Building OBJC object CMakeFiles/AllTests.dir/ATProtoPDS/Tests/App/PDSApplicationTests.m.o
[  2%] Building OBJC object CMakeFiles/AllTests.dir/ATProtoPDS/Sources/Network/XrpcMethodRegistry.m.o
[  2%] Building OBJC object CMakeFiles/AllTests.dir/ATProtoPDS/Sources/App/PDSApplication.m.o
[  2%] Building OBJC object CMakeFiles/AllTests.dir/ATProtoPDS/Sources/Network/XrpcIdentityMethods.m.o
[  2%] Building OBJC object CMakeFiles/AllTests.dir/ATProtoPDS/Tests/Network/AdminAuthModerationTests.m.o
[  2%] Building OBJC object CMakeFiles/AllTests.dir/ATProtoPDS/Tests/CharacterizationTests/XrpcMethodRegistryCharacterizationTests.m.o
[  2%] Building OBJC object CMakeFiles/AllTests.dir/ATProtoPDS/Tests/Network/AdminAuthSyncTests.m.o
[  2%] Building OBJC object CMakeFiles/AllTests.dir/ATProtoPDS/Tests/Network/AdminAuthXrpcTestBase.m.o
In file included from /Users/jack/Software/garazyk/ATProtoPDS/Sources/Network/XrpcIdentityMethods.m:8:
/Users/jack/Software/garazyk/ATProtoPDS/Sources/Network/XrpcIdentityMethods.h:48:33: error: expected a type
   48 | + (void)registerWithDispatcher:(XrpcDispatcher *)dispatcher
      |                                 ^
/Users/jack/Software/garazyk/ATProtoPDS/Sources/Network/XrpcIdentityMethods.h:49:33: error: expected a type
   49 |                      jwtMinter:(JWTMinter *)jwtMinter
      |                                 ^
/Users/jack/Software/garazyk/ATProtoPDS/Sources/Network/XrpcIdentityMethods.h:50:36: error: no type or protocol named 'PDSAdminController'
   50 |                adminController:(id<PDSAdminController>)adminController
      |                                    ^
/Users/jack/Software/garazyk/ATProtoPDS/Sources/Network/XrpcIdentityMethods.h:51:33: error: expected a type
   51 |               serviceDatabases:(PDSServiceDatabases *)serviceDatabases
      |                                 ^
/Users/jack/Software/garazyk/ATProtoPDS/Sources/Network/XrpcIdentityMethods.h:52:33: error: expected a type
   52 |               userDatabasePool:(PDSDatabasePool *)userDatabasePool
      |                                 ^
/Users/jack/Software/garazyk/ATProtoPDS/Sources/Network/XrpcIdentityMethods.h:53:33: error: expected a type
   53 |                  configuration:(PDSConfiguration *)configuration
      |                                 ^
/Users/jack/Software/garazyk/ATProtoPDS/Sources/Network/XrpcIdentityMethods.h:54:45: error: no type or protocol named 'PDSEmailProvider'
   54 |                  emailProvider:(nullable id<PDSEmailProvider>)emailProvider
      |                                             ^
In file included from /Users/jack/Software/garazyk/ATProtoPDS/Sources/App/PDSApplication.m:9:
/Users/jack/Software/garazyk/ATProtoPDS/Sources/App/PDSApplication.h:235:41: error: unknown type name 'SubscribeReposHandler'
  235 | @property (nonatomic, strong, readonly) SubscribeReposHandler *subscribeReposHandler;
      |                                         ^
/Users/jack/Software/garazyk/ATProtoPDS/Sources/App/PDSApplication.h:235:1: error: property with 'retain (or strong)' attribute must be of object type
  235 | @property (nonatomic, strong, readonly) SubscribeReposHandler *subscribeReposHandler;
      | ^
In file included from /Users/jack/Software/garazyk/ATProtoPDS/Sources/Network/XrpcMethodRegistry.m:4:
/Users/jack/Software/garazyk/ATProtoPDS/Sources/App/PDSApplication.h:235:41: error: unknown type name 'SubscribeReposHandler'
  235 | @property (nonatomic, strong, readonly) SubscribeReposHandler *subscribeReposHandler;
      |                                         ^
/Users/jack/Software/garazyk/ATProtoPDS/Sources/App/PDSApplication.h:235:1: error: property with 'retain (or strong)' attribute must be of object type
  235 | @property (nonatomic, strong, readonly) SubscribeReposHandler *subscribeReposHandler;
      | ^
/Users/jack/Software/garazyk/ATProtoPDS/Sources/App/PDSApplication.m:90:1: warning: conflicting return type in implementation of 'subscribeReposHandler': 'int * _Nonnull' vs 'SubscribeReposHandler * _Nonnull' [-Wmismatched-return-types]
   90 | - (SubscribeReposHandler *)subscribeReposHandler {
      | ^  ~~~~~~~~~~~~~~~~~~~~~~~
/Users/jack/Software/garazyk/ATProtoPDS/Sources/App/PDSApplication.h:235:64: note: previous definition is here
  235 | @property (nonatomic, strong, readonly) SubscribeReposHandler *subscribeReposHandler;
      |                                                                ^
1 warning and 2 errors generated.
/Users/jack/Software/garazyk/ATProtoPDS/Sources/Network/XrpcIdentityMethods.m:696:13: error: use of undeclared identifier 'subscribeReposHandler'
  696 |         if (subscribeReposHandler) {
      |             ^
make[3]: *** [CMakeFiles/AllTests.dir/ATProtoPDS/Sources/App/PDSApplication.m.o] Error 1
make[3]: *** Waiting for unfinished jobs....
/Users/jack/Software/garazyk/ATProtoPDS/Sources/Network/XrpcIdentityMethods.m:697:14: error: unknown receiver 'subscribeReposHandler'; did you mean 'SubscribeReposHandler'?
  697 |             [subscribeReposHandler broadcastIdentityChange:did handle:normalizedHandle];
      |              ^~~~~~~~~~~~~~~~~~~~~
      |              SubscribeReposHandler
/Users/jack/Software/garazyk/ATProtoPDS/Sources/Network/XrpcIdentityMethods.h:11:8: note: 'SubscribeReposHandler' declared here
   11 | @class SubscribeReposHandler;
      |        ^
/Users/jack/Software/garazyk/ATProtoPDS/Sources/Network/XrpcIdentityMethods.m:697:14: error: receiver 'SubscribeReposHandler' for class message is a forward declaration
  697 |             [subscribeReposHandler broadcastIdentityChange:did handle:normalizedHandle];
      |              ^~~~~~~~~~~~~~~~~~~~~
/Users/jack/Software/garazyk/ATProtoPDS/Sources/Network/XrpcIdentityMethods.h:11:8: note: forward declaration of class here
   11 | @class SubscribeReposHandler;
      |        ^
/Users/jack/Software/garazyk/ATProtoPDS/Sources/Network/XrpcIdentityMethods.m:697:36: error: no known class method for selector 'broadcastIdentityChange:handle:'
  697 |             [subscribeReposHandler broadcastIdentityChange:did handle:normalizedHandle];
      |                                    ^~~~~~~~~~~~~~~~~~~~~~~~~~~~~~~~~~
/Users/jack/Software/garazyk/ATProtoPDS/Sources/Network/XrpcIdentityMethods.m:38:17: warning: method definition for 'registerWithDispatcher:jwtMinter:adminController:serviceDatabases:userDatabasePool:configuration:emailProvider:subscribeReposHandler:' not found [-Wincomplete-implementation]
   38 | @implementation XrpcIdentityMethods
      |                 ^
/Users/jack/Software/garazyk/ATProtoPDS/Sources/Network/XrpcIdentityMethods.h:48:1: note: method 'registerWithDispatcher:jwtMinter:adminController:serviceDatabases:userDatabasePool:configuration:emailProvider:subscribeReposHandler:' declared here
   48 | + (void)registerWithDispatcher:(XrpcDispatcher *)dispatcher
      | ^
1 warning and 11 errors generated.
make[3]: *** [CMakeFiles/AllTests.dir/ATProtoPDS/Sources/Network/XrpcIdentityMethods.m.o] Error 1
/Users/jack/Software/garazyk/ATProtoPDS/Sources/Network/XrpcMethodRegistry.m:3005:66: error: use of undeclared identifier 'jwtMinter'
 3005 |                                                        jwtMinter:jwtMinter
      |                                                                  ^
/Users/jack/Software/garazyk/ATProtoPDS/Sources/Network/XrpcMethodRegistry.m:3006:66: error: use of undeclared identifier 'adminController'
 3006 |                                                  adminController:adminController
      |                                                                  ^
/Users/jack/Software/garazyk/ATProtoPDS/Sources/Network/XrpcMethodRegistry.m:3022:10: error: unknown receiver 'serviceDatabases'; did you mean 'PDSServiceDatabases'?
 3022 |         [serviceDatabases getInviteCodeForAccount:did error:&error];
      |          ^~~~~~~~~~~~~~~~
      |          PDSServiceDatabases
/Users/jack/Software/garazyk/ATProtoPDS/Sources/Network/XrpcSyncMethods.h:10:8: note: 'PDSServiceDatabases' declared here
   10 | @class PDSServiceDatabases;
      |        ^
/Users/jack/Software/garazyk/ATProtoPDS/Sources/Network/XrpcMethodRegistry.m:3022:27: error: no known class method for selector 'getInviteCodeForAccount:error:'
 3022 |         [serviceDatabases getInviteCodeForAccount:did error:&error];
      |                           ^~~~~~~~~~~~~~~~~~~~~~~~~~~~~~~~~
/Users/jack/Software/garazyk/ATProtoPDS/Sources/Network/XrpcMethodRegistry.m:3001:4: error: missing '[' at start of message send expression
 3001 |   [dispatcher registerComAtprotoServerGetAccountInviteCodes:^(
      |    ^
      |    [
/Users/jack/Software/garazyk/ATProtoPDS/Sources/Network/XrpcMethodRegistry.m:3001:4: error: use of undeclared identifier 'dispatcher'
/Users/jack/Software/garazyk/ATProtoPDS/Sources/Network/XrpcMethodRegistry.m:3001:3: error: expected identifier or '('
 3001 |   [dispatcher registerComAtprotoServerGetAccountInviteCodes:^(
      |   ^
/Users/jack/Software/garazyk/ATProtoPDS/Sources/Network/XrpcMethodRegistry.m:3054:66: error: use of undeclared identifier 'jwtMinter'
 3054 |                                                        jwtMinter:jwtMinter
      |                                                                  ^
/Users/jack/Software/garazyk/ATProtoPDS/Sources/Network/XrpcMethodRegistry.m:3055:66: error: use of undeclared identifier 'adminController'
 3055 |                                                  adminController:adminController
      |                                                                  ^
/Users/jack/Software/garazyk/ATProtoPDS/Sources/Network/XrpcMethodRegistry.m:3050:4: error: missing '[' at start of message send expression
 3050 |   [dispatcher registerComAtprotoServerRequestEmailConfirmation:^(
      |    ^
      |    [
/Users/jack/Software/garazyk/ATProtoPDS/Sources/Network/XrpcMethodRegistry.m:3050:4: error: use of undeclared identifier 'dispatcher'
/Users/jack/Software/garazyk/ATProtoPDS/Sources/Network/XrpcMethodRegistry.m:3050:3: error: expected identifier or '('
 3050 |   [dispatcher registerComAtprotoServerRequestEmailConfirmation:^(
      |   ^
/Users/jack/Software/garazyk/ATProtoPDS/Sources/Network/XrpcMethodRegistry.m:3077:66: error: use of undeclared identifier 'jwtMinter'
 3077 |                                                        jwtMinter:jwtMinter
      |                                                                  ^
/Users/jack/Software/garazyk/ATProtoPDS/Sources/Network/XrpcMethodRegistry.m:3078:66: error: use of undeclared identifier 'adminController'
 3078 |                                                  adminController:adminController
      |                                                                  ^
/Users/jack/Software/garazyk/ATProtoPDS/Sources/Network/XrpcMethodRegistry.m:3073:4: error: missing '[' at start of message send expression
 3073 |   [dispatcher registerComAtprotoServerRequestEmailUpdate:^(
      |    ^
      |    [
/Users/jack/Software/garazyk/ATProtoPDS/Sources/Network/XrpcMethodRegistry.m:3073:4: error: use of undeclared identifier 'dispatcher'
/Users/jack/Software/garazyk/ATProtoPDS/Sources/Network/XrpcMethodRegistry.m:3073:3: error: expected identifier or '('
 3073 |   [dispatcher registerComAtprotoServerRequestEmailUpdate:^(
      |   ^
fatal error: too many errors emitted, stopping now [-ferror-limit=]
20 errors generated.
make[3]: *** [CMakeFiles/AllTests.dir/ATProtoPDS/Sources/Network/XrpcMethodRegistry.m.o] Error 1
In file included from /Users/jack/Software/garazyk/ATProtoPDS/Tests/Network/AdminAuthSyncTests.m:1:
In file included from /Users/jack/Software/garazyk/ATProtoPDS/Tests/Network/AdminAuthXrpcTestBase.h:2:
/Users/jack/Software/garazyk/ATProtoPDS/Sources/App/PDSApplication.h:235:41: error: unknown type name 'SubscribeReposHandler'
  235 | @property (nonatomic, strong, readonly) SubscribeReposHandler *subscribeReposHandler;
      |                                         ^
/Users/jack/Software/garazyk/ATProtoPDS/Sources/App/PDSApplication.h:235:1: error: property with 'retain (or strong)' attribute must be of object type
  235 | @property (nonatomic, strong, readonly) SubscribeReposHandler *subscribeReposHandler;
      | ^
In file included from /Users/jack/Software/garazyk/ATProtoPDS/Tests/Network/AdminAuthModerationTests.m:1:
In file included from /Users/jack/Software/garazyk/ATProtoPDS/Tests/Network/AdminAuthXrpcTestBase.h:2:
/Users/jack/Software/garazyk/ATProtoPDS/Sources/App/PDSApplication.h:235:41: error: unknown type name 'SubscribeReposHandler'
  235 | @property (nonatomic, strong, readonly) SubscribeReposHandler *subscribeReposHandler;
      |                                         ^
/Users/jack/Software/garazyk/ATProtoPDS/Sources/App/PDSApplication.h:235:1: error: property with 'retain (or strong)' attribute must be of object type
  235 | @property (nonatomic, strong, readonly) SubscribeReposHandler *subscribeReposHandler;
      | ^
In file included from /Users/jack/Software/garazyk/ATProtoPDS/Tests/Network/AdminAuthXrpcTestBase.m:1:
In file included from /Users/jack/Software/garazyk/ATProtoPDS/Tests/Network/AdminAuthXrpcTestBase.h:2:
/Users/jack/Software/garazyk/ATProtoPDS/Sources/App/PDSApplication.h:235:41: error: unknown type name 'SubscribeReposHandler'
  235 | @property (nonatomic, strong, readonly) SubscribeReposHandler *subscribeReposHandler;
      |                                         ^
/Users/jack/Software/garazyk/ATProtoPDS/Sources/App/PDSApplication.h:235:1: error: property with 'retain (or strong)' attribute must be of object type
  235 | @property (nonatomic, strong, readonly) SubscribeReposHandler *subscribeReposHandler;
      | ^
In file included from /Users/jack/Software/garazyk/ATProtoPDS/Tests/App/PDSApplicationTests.m:10:
/Users/jack/Software/garazyk/ATProtoPDS/Sources/App/PDSApplication.h:235:41: error: unknown type name 'SubscribeReposHandler'
  235 | @property (nonatomic, strong, readonly) SubscribeReposHandler *subscribeReposHandler;
      |                                         ^
/Users/jack/Software/garazyk/ATProtoPDS/Sources/App/PDSApplication.h:235:1: error: property with 'retain (or strong)' attribute must be of object type
  235 | @property (nonatomic, strong, readonly) SubscribeReposHandler *subscribeReposHandler;
      | ^
2 errors generated.
2 errors generated.
make[3]: *** [CMakeFiles/AllTests.dir/ATProtoPDS/Tests/Network/AdminAuthModerationTests.m.o] Error 1
make[3]: *** [CMakeFiles/AllTests.dir/ATProtoPDS/Tests/Network/AdminAuthXrpcTestBase.m.o] Error 1
In file included from /Users/jack/Software/garazyk/ATProtoPDS/Tests/CharacterizationTests/XrpcMethodRegistryCharacterizationTests.m:8:
/Users/jack/Software/garazyk/ATProtoPDS/Sources/App/PDSApplication.h:235:41: error: unknown type name 'SubscribeReposHandler'
  235 | @property (nonatomic, strong, readonly) SubscribeReposHandler *subscribeReposHandler;
      |                                         ^
/Users/jack/Software/garazyk/ATProtoPDS/Sources/App/PDSApplication.h:235:1: error: property with 'retain (or strong)' attribute must be of object type
  235 | @property (nonatomic, s/Users/jack/Software/garazyk/ATProtoPDS/Tests/App/PDSApplicationTests.mt:r80o:n43g:,  warning: r'wsPort' is deprecated: subscribeRepos uses HTTP port upgrades; use httpPort [-Wdeprecated-declarations]e
adonly)    80S | u b s c rXiCbTeARsespeorstHGarnedalteerr T*hsaunb(sscerlifb.eaRpepploiscHaatnidolne.rw;s
P      o| r^t
, 0);
      |                                           ^
/Users/jack/Software/garazyk/ATProtoPDS/Sources/App/PDSApplication.h:185:5: note: 'wsPort' has been explicitly marked deprecated here
  185 |     DEPRECATED_MSG_ATTRIBUTE("subscribeRepos uses HTTP port upgrades; use httpPort");
      |     ^
/Applications/Xcode.app/Contents/Developer/Platforms/MacOSX.platform/Developer/SDKs/MacOSX26.2.sdk/usr/include/AvailabilityMacros.h:152:64: note: expanded from macro 'DEPRECATED_MSG_ATTRIBUTE'
  152 |             #define DEPRECATED_MSG_ATTRIBUTE(s) __attribute__((deprecated(s)))
      |                                                                ^
/Users/jack/Software/garazyk/ATProtoPDS/Tests/App/PDSApplicationTests.m:80:43: warning: 'wsPort' is deprecated: subscribeRepos uses HTTP port upgrades; use httpPort [-Wdeprecated-declarations]
   80 |     XCTAssertGreaterThan(self.application.wsPort, 0);
      |                                           ^
/Users/jack/Software/garazyk/ATProtoPDS/Sources/App/PDSApplication.h:185:5: note: 'wsPort' has been explicitly marked deprecated here
  185 |     DEPRECATED_MSG_ATTRIBUTE("subscribeRepos uses HTTP port upgrades; use httpPort");
      |     ^
/Applications/Xcode.app/Contents/Developer/Platforms/MacOSX.platform/Developer/SDKs/MacOSX26.2.sdk/usr/include/AvailabilityMacros.h:152:64: note: expanded from macro 'DEPRECATED_MSG_ATTRIBUTE'
  152 |             #define DEPRECATED_MSG_ATTRIBUTE(s) __attribute__((deprecated(s)))
      |                                                                ^
/Users/jack/Software/garazyk/ATProtoPDS/Tests/Network/AdminAuthSyncTests.m:108:7: warning: 'createRecordForDid:collection:record:validationMode:error:' is deprecated: Use putRecord:rkey:value:forDid:validationMode:error: instead [-Wdeprecated-declarations]
  108 |       createRecordForDid:self.userDid
      |       ^
/Users/jack/Software/garazyk/ATProtoPDS/Sources/App/PDSController.h:313:5: note: 'createRecordForDid:collection:record:validationMode:error:' has been explicitly marked deprecated here
  313/Users/jack/Software/garazyk/ATProtoPDS/Tests/App/PDSApplicationTests.m | : 80 : 43 :D Ewarning: P'wsPort' is deprecated: subscribeRepos uses HTTP port upgrades; use httpPort [-Wdeprecated-declarations]R
ECATED   _80M |     XCTAssertGreaSGt_eArTTThaRn(selIfBUTE(
      | .    ^a
pplication.wsPort,/Applications/Xcode.app/Contents/Developer/Platforms/MacOSX.platform/Developer/SDKs/MacOSX26.2.sdk/usr/include/AvailabilityMacros.h :0)152;:64: note: expanded from macro 'DEPRECATED_MSG_ATTRIBUTE'
  152 |         
      |                                            ^
 /Users/jack/Software/garazyk/ATProtoPDS/Sources/App/PDSApplication.h:185 : 5#define DEPRECATED_MS: Gnote: _'wsPort' has been explicitly marked deprecated here
ATTRIB  UTE(s) _185 |  _ a t tDrEiPRECATbute__((deprecated(s))ED_MSG_ATTRIBUT)E(
      |                                                                ^
"subscribeRepos uses HTTP port upgrades; use httpPort");
      |     ^
/Applications/Xcode.app/Contents/Developer/Platforms/MacOSX.platform/Developer/SDKs/MacOSX26.2.sdk/usr/include/AvailabilityMacros.h:152:64: note: expanded from macro 'DEPRECATED_MSG_ATTRIBUTE'
  152 |             #define DEPRECATED_MSG_ATTRIBUTE(s) __attribute__((deprecated(s)))
      |                                                                ^
/Users/jack/Software/garazyk/ATProtoPDS/Tests/App/PDSApplicationTests.m:82:37: warning: 'wsPort' is deprecated: subscribeRepos uses HTTP port upgrades; use httpPort [-Wdeprecated-declarations]
   82 |     XCTAssertEqual(self.application.wsPort, self.application.httpPort);
      |                                     ^
/Users/jack/Software/garazyk/ATProtoPDS/Sources/App/PDSApplication.h:185:5: note: 'wsPort' has been explicitly marked deprecated here
  185 |     DEPRECATED_MSG_ATTRIBUTE("subscribeRepos uses HTTP port upgrades; use httpPort");
      |     ^
/Applications/Xcode.app/Contents/Developer/Platforms/MacOSX.platform/Developer/SDKs/MacOSX26.2.sdk/usr/include/AvailabilityMacros.h:152:64: note: expanded from macro 'DEPRECATED_MSG_ATTRIBUTE'
  152 |             #define DEPRECATED_MSG_ATTRIBUTE(s) __attribute__((deprecated(s)))
      |                                                                ^
/Users/jack/Software/garazyk/ATProtoPDS/Tests/App/PDSApplicationTests.m:82:37: warning: 'wsPort' is deprecated: subscribeRepos uses HTTP port upgrades; use httpPort [-Wdeprecated-declarations]
   82 |     XCTAssertEqual(self.application.wsPort, self.application.httpPort);
      |                                     ^
/Users/jack/Software/garazyk/ATProtoPDS/Sources/App/PDSApplication.h:185:5: note: 'wsPort' has been explicitly marked deprecated here
  185 |     DEPRECATED_MSG_ATTRIBUTE("subscribeRepos uses HTTP port upgrades; use httpPort");
      |     ^
/Applications/Xcode.app/Contents/Developer/Platforms/MacOSX.platform/Developer/SDKs/MacOSX26.2.sdk/usr/include/AvailabilityMacros.h:152:64: note: expanded from macro 'DEPRECATED_MSG_ATTRIBUTE'
  152 |             #define DEPRECATED_MSG_ATTRIBUTE(s) __attribute__((deprecated(s)))
      |                                                                ^
/Users/jack/Software/garazyk/ATProtoPDS/Tests/App/PDSApplicationTests.m:82:37: warning: 'wsPort' is deprecated: subscribeRepos uses HTTP port upgrades; use httpPort [-Wdeprecated-declarations]
   82 |     XCTAssertEqual(self.application.wsPort, self.application.httpPort);
      |                                     ^
/Users/jack/Software/garazyk/ATProtoPDS/Sources/App/PDSApplication.h:185:5: note: 'wsPort' has been explicitly marked deprecated here
/Users/jack/Software/garazyk/ATProtoPDS/Tests/Network/AdminAuthSyncTests.m:140:  7185 | : warning: 'createRecordForDid:collection:record:validationMode:error:' is deprecated: Use putRecord:rkey:value:forDid:validationMode:error: instead [-Wdeprecated-declarations]
      140 | D EPRECATED_MSG_A     creTatTeRRIeBcUoTrEd(F"osruDbisdc:rsielf.userDidbeRepos uses HT
T      P|        ^p
ort upgrad/Users/jack/Software/garazyk/ATProtoPDS/Sources/App/PDSController.he:s313; use ht:t5p:P ort");
      |     ^
note: 'createRecordForDid:collection:record:validationMode:error:' has been explicitly marked deprecated here
/Applications/Xcode.app/Contents/Developer/Platforms/MacOSX.platform/Developer/SDKs/MacOSX26.2.sdk/usr/include/AvailabilityMacros.h:  152313:64: note: expanded from macro 'DEPRECATED_MSG_ATTRIBUTE'
 |     152 |      D E P R ECATE   D _ M#SdGe_fAiTnTeR IDBEUTE(
      | P    ^R
ECATED_/Applications/Xcode.app/Contents/Developer/Platforms/MacOSX.platform/Developer/SDKs/MacOSX26.2.sdk/usr/include/AvailabilityMacros.hM:152:64: SG_ATTnote: expanded from macro 'DEPRECATED_MSG_ATTRIBUTE'
RIBUTE(s) __  a152t | t r i          #define butDEPRECeA_TED_M_((dSeG_ATTRIBpUrTecated(s)))
      |                                                                ^
E(s) __attribute__((deprecated(s)))
      |                                                                ^
2 errors generated.
/Users/jack/Software/garazyk/ATProtoPDS/Tests/App/PDSApplicationTests.m:84:40: warning: 'wsPort' is deprecated: subscribeRepos uses HTTP port upgrades; use httpPort [-Wdeprecated-declarations]
   84 |     XCTAssertLessThan(self.application.wsPort, 65536);
      |                                        ^
/Users/jack/Software/garazyk/ATProtoPDS/Sources/App/PDSApplication.h:185:5: note: 'wsPort' has been explicitly marked deprecated here
  185 |     DEPRECATED_MSG_ATTRIBUTE("subscribeRepos uses HTTP port upgrades; use httpPort");
      |     ^
/Applications/Xcode.app/Contents/Developer/Platforms/MacOSX.platform/Developer/SDKs/MacOSX26.2.sdk/usr/include/AvailabilityMacros.h:152:64: note: expanded from macro 'DEPRECATED_MSG_ATTRIBUTE'
  152 |             #define DEPRECATED_MSG_ATTRIBUTE(s) __attribute__((deprecated(s)))
      |                                                                ^
/Users/jack/Software/garazyk/ATProtoPDS/Tests/App/PDSApplicationTests.m:84:40: warning: 'wsPort' is deprecated: subscribeRepos uses HTTP port upgrades; use httpPort [-Wdeprecated-declarations]
   84 |     XCTAssertLessThan(self.application.wsPort, 65536);
      |                                        ^
/Users/jack/Software/garazyk/ATProtoPDS/Sources/App/PDSApplication.h:185:5: note: 'wsPort' has been explicitly marked deprecated here
  185 |     DEPRECATED_MSG_ATTRIBUTE("subscribeRepos uses HTTP port upgrades; use httpPort");
      |     ^
/Applications/Xcode.app/Contents/Developer/Platforms/MacOSX.platform/Developer/SDKs/MacOSX26.2.sdk/usr/include/AvailabilityMacros.h:152:64: note: expanded from macro 'DEPRECATED_MSG_ATTRIBUTE'
  152 |             #define DEPRECATED_MSG_ATTRIBUTE(s) __attribute__((d/Users/jack/Software/garazyk/ATProtoPDS/Tests/Network/AdminAuthSyncTests.me:p190r:e7c:a twarning: e'createRecordForDid:collection:record:validationMode:error:' is deprecated: Use putRecord:rkey:value:forDid:validationMode:error: instead [-Wdeprecated-declarations]d
(s)))
        190|  |                                                                ^ 
     createRecordForDid:self.userDid
      |       ^
/Users/jack/Software/garazyk/ATProtoPDS/Sources/App/PDSController.h:313:5: note: 'createRecordForDid:collection:record:validationMode:error:' has been explicitly marked deprecated here
  313 |    /Users/jack/Software/garazyk/ATProtoPDS/Tests/App/PDSApplicationTests.m :D84E:P40R:E Cwarning: A'wsPort' is deprecated: subscribeRepos uses HTTP port upgrades; use httpPort [-Wdeprecated-declarations]T
ED_M   S84G | _ A T T RXICBTUATsEs(e
r      t| L    ^e
ssThan(s/Applications/Xcode.app/Contents/Developer/Platforms/MacOSX.platform/Developer/SDKs/MacOSX26.2.sdk/usr/include/AvailabilityMacros.he:l152f:.64a:p pnote: lexpanded from macro 'DEPRECATED_MSG_ATTRIBUTE'i
cation  .152w | s P o r t ,   6 5 5 3 6 )#;d
e      f| i                                       ^n
e D/Users/jack/Software/garazyk/ATProtoPDS/Sources/App/PDSApplication.hE:P185R:E5C:A Tnote: E'wsPort' has been explicitly marked deprecated hereD
_MSG_  A185T | T R I B UDTEEP(RsE)C A_T_EaDt_tMrSiGb_uAtTeT_R_I(B(UdTeEp(r"escuabtsecdr(isb)e)R)e
p      o| s                                                               ^ 
uses HTTP port upgrades; use httpPort");
      |     ^
/Applications/Xcode.app/Contents/Developer/Platforms/MacOSX.platform/Developer/SDKs/MacOSX26.2.sdk/usr/include/AvailabilityMacros.h:152:64: note: expanded from macro 'DEPRECATED_MSG_ATTRIBUTE'
  152 |             #define DEPRECATED_MSG_ATTRIBUTE(s) __attribute__((deprecated(s)))
      |                                                                ^
/Users/jack/Software/garazyk/ATProtoPDS/Tests/Network/AdminAuthSyncTests.m:250:9: warning: 'createRecordForDid:collection:record:validationMode:error:' is deprecated: Use putRecord:rkey:value:forDid:validationMode:error: instead [-Wdeprecated-declarations]
  250 |         createRecordForDid:self.userDid
      |         ^
/Users/jack/Software/garazyk/ATProtoPDS/Sources/App/PDSController.h:313:5: note: 'createRecordForDid:collection:record:validationMode:error:' has been explicitly marked deprecated here
  313 |     DEPRECATED_MSG_ATTRIBUTE(
      |     ^
/Applications/Xcode.app/Contents/Developer/Platforms/MacOSX.platform/Developer/SDKs/MacOSX26.2.sdk/usr/include/AvailabilityMacros.h:152:64: note: expanded from macro 'DEPRECATED_MSG_ATTRIBUTE'
  152 |             #define DEPRECATED_MSG_ATTRIBUTE(s) __attribute__((deprecated(s)))
      |                                                                ^
/Users/jack/Software/garazyk/ATProtoPDS/Tests/Network/AdminAuthSyncTests.m:279:7: warning: 'createRecordForDid:collection:record:validationMode:error:' is deprecated: Use putRecord:rkey:value:forDid:validationMode:error: instead [-Wdeprecated-declarations]
  279 |       createRecordForDid:self.userDid
      |       ^
/Users/jack/Software/garazyk/ATProtoPDS/Sources/App/PDSController.h:313:5: note: 'createRecordForDid:collection:record:validationMode:error:' has been explicitly marked deprecated here
  313 |     DEPRECATED_MSG_ATTRIBUTE(
      |     ^
/Applications/Xcode.app/Contents/Developer/Platforms/MacOSX.platform/Developer/SDKs/MacOSX26.2.sdk/usr/include/AvailabilityMacros.h:152:64: note: expanded from macro 'DEPRECATED_MSG_ATTRIBUTE'
  152 |             #define DEPRECATED_MSG_ATTRIBUTE(s) __attribute__((deprecated(s)))
      |                                                                ^
/Users/jack/Software/garazyk/ATProtoPDS/Tests/App/PDSApplicationTests.m:160:43: warning: 'wsPort' is deprecated: subscribeRepos uses HTTP port upgrades; use httpPort [-Wdeprecated-declarations]
  160 |     XCTAssertGreaterThan(self.application.wsPort, 0);
      |                                           ^
/Users/jack/Software/garazyk/ATProtoPDS/Sources/App/PDSApplication.h:185:5: note: 'wsPort' has been explicitly marked deprecated here
  185 |     DEPRECATED_MSG_ATTRIBUTE("subscribeRepos uses HTTP port upgrades; use httpPort");
      |     ^
/Applications/Xcode.app/Contents/Developer/Platforms/MacOSX.platform/Developer/SDKs/MacOSX26.2.sdk/usr/include/AvailabilityMacros.h:152:64: note: expanded from macro 'DEPRECATED_MSG_ATTRIBUTE'
  152 |             #define DEPRECATED_MSG_ATTRIBUTE(s) __attribute__((deprecated(s)))
      |                                                                ^
/Users/jack/Software/garazyk/ATProtoPDS/Tests/App/PDSApplicationTests.m:160:43: warning: 'wsPort' is deprecated: subscribeRepos uses HTTP port upgrades; use httpPort [-Wdeprecated-declarations]
  160 |     XCTAssertGreaterThan(self.application.wsPort, 0);
      |                                           ^
/Users/jack/Software/garazyk/ATProtoPDS/Sources/App/PDSApplication.h:185:5: note: 'wsPort' has been explicitly marked deprecated here
  185 |     DEPRECATED_MSG_ATTRIBUTE("subscribeRepos uses HTTP port upgrades; use httpPort");
      |     ^
/Applications/Xcode.app/Contents/Developer/Platforms/MacOSX.platform/Developer/SDKs/MacOSX26.2.sdk/usr/include/AvailabilityMacros.h:152:64: note: expanded from macro 'DEPRECATED_MSG_ATTRIBUTE'
/Users/jack/Software/garazyk/ATProtoPDS/Tests/Network/AdminAuthSyncTests.m:333:7: warning:   152 |            'createRecordForDid:collection:record:validationMode:error:' is deprecated: Use putRecord:rkey:value:forDid:validationMode:error: instead [-Wdeprecated-declarations] #defi
n  333 |       createRecordForDid:selef .userDid
      |       ^
DEPRECA/Users/jack/Software/garazyk/ATProtoPDS/Sources/App/PDSController.h:313:5: note: 'createRecordForDid:collection:record:validationMode:error:' has been explicitly marked deprecated here
  313 |     DEPRECTAETD_MSG_ATTRIEBDU_TMES(Gs_)A T_T_RaItBtUributeTE(
      |     ^
__((deprecate/Applications/Xcode.app/Contents/Developer/Platforms/MacOSX.platform/Developer/SDKs/MacOSX26.2.sdk/usr/include/AvailabilityMacros.h:152:64d:( snote: )expanded from macro 'DEPRECATED_MSG_ATTRIBUTE')
)
      |                                                                ^
  152 |             #define DEPRECATED_MSG_ATTRIBUTE(s) __/Users/jack/Software/garazyk/ATProtoPDS/Tests/App/PDSApplicationTests.m:160:attribute__((depre43c:ated(s )warning: ))
      |                                                                ^'wsPort' is deprecated: subscribeRepos uses HTTP port upgrades; use httpPort [-Wdeprecated-declarations]

  160 |     XCTAssertGreaterThan(self.application.wsPort, 0);
      |                                           ^
/Users/jack/Software/garazyk/ATProtoPDS/Sources/App/PDSApplication.h:185:5: note: 'wsPort' has been explicitly marked deprecated here
  185 |     DEPRECATED_MSG_ATTRIBUTE("subscribeRepos uses HTTP port upgrades; use httpPort");
      |     ^
/Applications/Xcode.app/Contents/Developer/Platforms/MacOSX.platform/Developer/SDKs/MacOSX26.2.sdk/usr/include/AvailabilityMacros.h:152:64: note: expanded from macro 'DEPRECATED_MSG_ATTRIBUTE'
  152 |             #define DEPRECATED_MSG_ATTRIBUTE(s) __attribute__((deprecated(s)))
      |                                                                ^
/Users/jack/Software/garazyk/ATProtoPDS/Tests/App/PDSApplicationTests.m:161:37: warning: 'wsPort' is deprecated: subscribeRepos uses HTTP port upgrades; use httpPort [-Wdeprecated-declarations]
  161 |     XCTAssertEqual(self.applicationmake[3]: .wsPor*** [CMakeFiles/AllTests.dir/ATProtoPDS/Tests/CharacterizationTests/XrpcMethodRegistryCharacterizationTests.m.o] Error 1
t, self.application.httpPort);
      |                                     ^
/Users/jack/Software/garazyk/ATProtoPDS/Sources/App/PDSApplication.h:185:5: note: 'wsPort' has been explicitly marked deprecated here
  185 |     DEPRECATED_MSG_ATTRIBUTE("subscribeRepos uses HTTP port upgrades; use httpPort");
      |     ^
/Applications/Xcode.app/Contents/Developer/Platforms/MacOSX.platform/Developer/SDKs/MacOSX26.2.sdk/usr/include/AvailabilityMacros.h:152:64: note: expanded from macro 'DEPRECATED_MSG_ATTRIBUTE'
  152 |             #define DEPRECATED_MSG_ATTRIBUTE(s) __attribute__((deprecated(s)))
      |                                                                ^
/Users/jack/Software/garazyk/ATProtoPDS/Tests/App/PDSApplicationTests.m:161:37: warning: 'wsPort' is deprecated: subscribeRepos uses HTTP port upgrades; use httpPort [-Wdeprecated-declarations]
  161 |     XCTAssertEqual(self.application.wsPort, self.application.httpPort);
      |                                     ^
/Users/jack/Software/garazyk/ATProtoPDS/Sources/App/PDSApplication.h:185:5: note: 'wsPort' has been explicitly marked deprecated here
  185 |     DEPRECATED_MSG_ATTRIBUTE("subscribeRepos uses HTTP port upgrades; use httpPort");
      |     ^
/Applications/Xcode.app/Contents/Developer/Platforms/MacOSX.platform/Developer/SDKs/MacOSX26.2.sdk/usr/include/AvailabilityMacros.h:152:64: note: expanded from macro 'DEPRECATED_MSG_ATTRIBUTE'
  152 |             #define DEPRECATED_MSG_ATTRIBUTE(s) __attribute__((deprecated(s)))
      |                                                                ^
/Users/jack/Software/garazyk/ATProtoPDS/Tests/App/PDSApplicationTests.m:161:37/Users/jack/Software/garazyk/ATProtoPDS/Tests/Network/AdminAuthSyncTests.m:362:7: warning: 'deleteRecordForDid:collection:rkey:error:' is deprecated: Use deleteRecord:rkey:forDid:error: instead [-Wdeprecated-declarations]
:  362  | warning:  'wsPort' is deprecated: subscribeRepos uses HTTP port upgrades; use httpPort [-Wdeprecated-declarations] 
    delete  161R | e c o  XrdForDid:self.userCTAssertEqDual(self.applicationi.d
w      sPor|       ^t
/Users/jack/Software/garazyk/ATProtoPDS/Sources/App/PDSController.h:337:5: note: 'deleteRecordForDid:collection:rkey:error:' has been explicitly marked deprecated here
,   s337 | elf.app   l iDcEation.httPpRPortE)C;
      |                                     ^
ATED_MSG_ATTRIBUTE("Use delete/Users/jack/Software/garazyk/ATProtoPDS/Sources/App/PDSApplication.h:185:5: note: Re'wsPort' has been explicitly marked deprecated herec
ord:rkey:forDid:error: instead");
      |     ^
/Applications/Xcode.app/Contents/Developer/Platforms/MacOSX.platform/Developer/SDKs/MacOSX26.2.sdk/usr/include/AvailabilityMacros.h:152:64: note: expanded from macro 'DEPRECATED_MSG_ATTRIBUTE'
  152 |             #define DEPRECATED_MSG_ATTRIBUTE(s) __a  185 |     DEPRtEtCribute__((deprecAaTtED_MSG_ATedT(sR)I)BUTE)(
"      subscrib| eRepos uses HTT                                                               ^
P port upgrades; use httpPort");
      |     ^
/Applications/Xcode.app/Contents/Developer/Platforms/MacOSX.platform/Developer/SDKs/MacOSX26.2.sdk/usr/include/AvailabilityMacros.h:152:64: note: expanded from macro 'DEPRECATED_MSG_ATTRIBUTE'
  152 |             #define DEPRECATED_MSG_ATTRIBUTE(s) __attribute__((deprecated(s)))
      |                                                                ^
/Users/jack/Software/garazyk/ATProtoPDS/Tests/App/PDSApplicationTests.m:219:37: warning: 'wsPort' is deprecated: subscribeRepos uses HTTP port upgrades; use httpPort [-Wdeprecated-declarations]
  219 |     XCTAssertEqual(self.application.wsPort, 9998);
      |                                     ^
/Users/jack/Software/garazyk/ATProtoPDS/Sources/App/PDSApplication.h:185:5: note: 'wsPort' has been explicitly marked deprecated here
  185 |     DEPRECATED_MSG_ATTRIBUTE("subscribeRepos uses HTTP port upgrades; use httpPort");
      |     ^
/Applications/Xcode.app/Contents/Developer/Platforms/MacOSX.platform/Developer/SDKs/MacOSX26.2.sdk/usr/include/AvailabilityMacros.h:152:64: note: expanded from macro 'DEPRECATED_MSG_ATTRIBUTE'
  152 |             #define DEPRECATED_MSG_ATTRIBUTE(s) __attribute__((deprecated(s)))
      |                                                                ^
/Users/jack/Software/garazyk/ATProtoPDS/Tests/App/PDSApplicationTests.m:219:37: warning: 'wsPort' is deprecated: subscribeRepos uses HTTP port upgrades; use httpPort [-Wdeprecated-declarations]
  219 |     XCTAssertEqual(self.application.wsPort, 9998);
      |                                     ^
/Users/jack/Software/garazyk/ATProtoPDS/Sources/App/PDSApplication.h:185:5: note: 'wsPort' has been explicitly marked deprecated here
  185 |     DEPRECATED_MSG_ATTRIBUTE("subscribeRepos uses HTTP port upgrades; use httpPort");
      |     ^
/Applications/Xcode.app/Contents/Developer/Platforms/MacOSX.platform/Developer/SDKs/MacOSX26.2.sdk/usr/include/AvailabilityMacros.h:152:64: note: expanded from macro 'DEPRECATED_MSG_ATTRIBUTE'
  152 |             #define DEPRECATED_MSG_ATTRIBUTE(s) __attribute__((deprecated(s)))
      |                                                                ^
/Users/jack/Software/garazyk/ATProtoPDS/Tests/App/PDSApplicationTests.m:219:37: warning: 'wsPort' is deprecated: subscribeRepos uses HTTP port upgrades; use httpPort [-Wdeprecated-declarations]
  219 |     XCTAssertEqual(self.application.wsPort, 9998);
      |                                     ^
/Users/jack/Software/garazyk/ATProtoPDS/Sources/App/PDSApplication.h:185:5: note: 'wsPort' has been explicitly marked deprecated here
  185 |     DEPRECATED_MSG_ATTRIBUTE("subscribeRepos uses HTTP port upgrades; use httpPort");
      |     ^
/Applications/Xcode.app/Contents/Developer/Platforms/MacOSX.platform/Developer/SDKs/MacOSX26.2.sdk/usr/include/AvailabilityMacros.h:152:64: note: expanded from macro 'DEPRECATED_MSG_ATTRIBUTE'
  152 |             #define DEPRECATED_MSG_ATTRIBUTE(s) __attribute__((deprecated(s)))
      |                                                                ^
/Users/jack/Software/garazyk/ATProtoPDS/Tests/Network/AdminAuthSyncTests.m:524:7: warning: 'createRecordForDid:collection:record:validationMode:error:' is deprecated: Use putRecord:rkey:value:forDid:validationMode:error: instead [-Wdeprecated-declarations]
  524 |       createRecordForDid:self.userDid
      |       ^
/Users/jack/Software/garazyk/ATProtoPDS/Sources/App/PDSController.h:313:5: note: 'createRecordForDid:collection:record:validationMode:error:' has been explicitly marked deprecated here
  313 |     DEPRECATED_MSG_ATTRIBUTE(
      |     ^
/Applications/Xcode.app/Contents/Developer/Platforms/MacOSX.platform/Developer/SDKs/MacOSX26.2.sdk/usr/include/AvailabilityMacros.h:152:64: note: expanded from macro 'DEPRECATED_MSG_ATTRIBUTE'
  152 |             #define DEPRECATED_MSG_ATTRIBUTE(s) __attribute__((deprecated(s)))
      |                                                                ^
18 warnings and 2 errors generated.
/Users/jack/Software/garazyk/ATProtoPDS/Tests/Network/AdminAuthSyncTests.m:702:38: warning: 'createRecordForDid:collection:record:validationMode:error:' is deprecated: Use putRecord:rkey:value:forDid:validationMode:error: instead [-Wdeprecated-declarations]
  702 |   [self.application.legacyController createRecordForDid:self.userDid
      |                                      ^
/Users/jack/Software/garazyk/ATProtoPDS/Sources/App/PDSController.h:313:5: note: 'createRecordForDid:collection:record:validationMode:error:' has been explicitly marked deprecated here
  313 |     DEPRECATED_MSG_ATTRIBUTE(
      |     ^
/Applications/Xcode.app/Contents/Developer/Platforms/MacOSX.platform/Developer/SDKs/MacOSX26.2.sdk/usr/include/AvailabilityMacros.h:152:64: note: expanded from macro 'DEPRECATED_MSG_ATTRIBUTE'
  152 |             #define DEPRECATED_MSG_ATTRIBUTE(s) __attribute__((deprecated(s)))
      |                                                                ^
make[3]: *** [CMakeFiles/AllTests.dir/ATProtoPDS/Tests/App/PDSApplicationTests.m.o] Error 1
9 warnings and 2 errors generated.
make[3]: *** [CMakeFiles/AllTests.dir/ATProtoPDS/Tests/Network/AdminAuthSyncTests.m.o] Error 1
make[2]: *** [CMakeFiles/AllTests.dir/all] Error 2
make[1]: *** [CMakeFiles/AllTests.dir/rule] Error 2
make: *** [AllTests] Error 2

** BUILD FAILED **


The following build commands failed:
	PhaseScriptExecution Build\ Tests\ with\ CMake /Users/jack/Library/Developer/Xcode/DerivedData/ATProtoPDS-fwihiwnbznvwjpdzphgsetfzjsmu/Build/Intermediates.noindex/ATProtoPDS.build/Debug/AllTests.build/Script-2B198A56150AAB61D5D9F5DD.sh (in target 'AllTests' from project 'ATProtoPDS')
	Building project ATProtoPDS with scheme AllTests
(2 failures)
